Component: ARM Compiler 5.05 update 1 (build 106) Tool: armlink [4d0efa]

==============================================================================

Section Cross References

    main.o(.text) refers to _printf_percent.o(.ARM.Collect$$_printf_percent$$00000000) for _printf_percent
    main.o(.text) refers to _printf_f.o(.ARM.Collect$$_printf_percent$$00000003) for _printf_f
    main.o(.text) refers to printf1.o(x$fpl$printf1) for _printf_fp_dec
    main.o(.text) refers to stm32f4xx_usart.o(.text) for USART_GetFlagStatus
    main.o(.text) refers to dflt_clz.o(x$fpl$dfltu) for __aeabi_ui2d
    main.o(.text) refers to ddiv.o(x$fpl$ddiv) for __aeabi_ddiv
    main.o(.text) refers to d2f.o(x$fpl$d2f) for __aeabi_d2f
    main.o(.text) refers to main.o(.data) for X_PAL_0
    main.o(.text) refers to main.o(.bss) for P_mid
    main.o(.text) refers to misc.o(.text) for NVIC_PriorityGroupConfig
    main.o(.text) refers to delay.o(.text) for delay_init
    main.o(.text) refers to usart.o(.text) for uart_init
    main.o(.text) refers to led.o(.text) for LED_Init
    main.o(.text) refers to key.o(.text) for KEY_Init
    main.o(.text) refers to lcd.o(.text) for LCD_Init
    main.o(.text) refers to mpu6050.o(.text) for MPU_Init
    main.o(.text) refers to inv_mpu.o(.text) for mpu_dmp_init
    main.o(.text) refers to lcd.o(.data) for POINT_COLOR
    main.o(.text) refers to f2d.o(x$fpl$f2d) for __aeabi_f2d
    main.o(.text) refers to noretval__2printf.o(.text) for __2printf
    system_stm32f4xx.o(.text) refers to system_stm32f4xx.o(.data) for SystemCoreClock
    led.o(.text) refers to stm32f4xx_rcc.o(.text) for RCC_AHB1PeriphClockCmd
    led.o(.text) refers to stm32f4xx_gpio.o(.text) for GPIO_Init
    key.o(.text) refers to stm32f4xx_rcc.o(.text) for RCC_AHB1PeriphClockCmd
    key.o(.text) refers to stm32f4xx_gpio.o(.text) for GPIO_Init
    key.o(.text) refers to delay.o(.text) for delay_ms
    key.o(.text) refers to key.o(.data) for key_up
    lcd.o(.text) refers to _printf_percent.o(.ARM.Collect$$_printf_percent$$00000000) for _printf_percent
    lcd.o(.text) refers to _printf_x.o(.ARM.Collect$$_printf_percent$$0000000C) for _printf_x
    lcd.o(.text) refers to _printf_hex_int.o(.text) for _printf_longlong_hex
    lcd.o(.text) refers to delay.o(.text) for delay_us
    lcd.o(.text) refers to lcd.o(.bss) for lcddev
    lcd.o(.text) refers to lcd.o(.data) for POINT_COLOR
    lcd.o(.text) refers to dflt_clz.o(x$fpl$dfltu) for __aeabi_ui2d
    lcd.o(.text) refers to dmul.o(x$fpl$dmul) for __aeabi_dmul
    lcd.o(.text) refers to dfixu.o(x$fpl$dfixu) for __aeabi_d2uiz
    lcd.o(.text) refers to stm32f4xx_rcc.o(.text) for RCC_AHB1PeriphClockCmd
    lcd.o(.text) refers to stm32f4xx_gpio.o(.text) for GPIO_Init
    lcd.o(.text) refers to stm32f4xx_fsmc.o(.text) for FSMC_NORSRAMInit
    lcd.o(.text) refers to noretval__2printf.o(.text) for __2printf
    lcd.o(.text) refers to lcd.o(.constdata) for asc2_1206
    myiic.o(.text) refers to stm32f4xx_rcc.o(.text) for RCC_AHB1PeriphClockCmd
    myiic.o(.text) refers to stm32f4xx_gpio.o(.text) for GPIO_Init
    myiic.o(.text) refers to delay.o(.text) for delay_us
    mpu6050.o(.text) refers to myiic.o(.text) for IIC_Start
    mpu6050.o(.text) refers to delay.o(.text) for delay_ms
    mpu6050.o(.text) refers to dflt_clz.o(x$fpl$dflt) for __aeabi_i2d
    mpu6050.o(.text) refers to ddiv.o(x$fpl$ddiv) for __aeabi_ddiv
    mpu6050.o(.text) refers to daddsub_clz.o(x$fpl$dadd) for __aeabi_dadd
    mpu6050.o(.text) refers to d2f.o(x$fpl$d2f) for __aeabi_d2f
    inv_mpu.o(.text) refers to _printf_pad.o(.text) for _printf_pre_padding
    inv_mpu.o(.text) refers to _printf_percent.o(.ARM.Collect$$_printf_percent$$00000000) for _printf_percent
    inv_mpu.o(.text) refers to _printf_x.o(.ARM.Collect$$_printf_percent$$0000000C) for _printf_x
    inv_mpu.o(.text) refers to _printf_hex_int.o(.text) for _printf_longlong_hex
    inv_mpu.o(.text) refers to _printf_d.o(.ARM.Collect$$_printf_percent$$00000009) for _printf_d
    inv_mpu.o(.text) refers to _printf_dec.o(.text) for _printf_int_dec
    inv_mpu.o(.text) refers to mpu6050.o(.text) for MPU_Write_Len
    inv_mpu.o(.text) refers to noretval__2printf.o(.text) for __2printf
    inv_mpu.o(.text) refers to delay.o(.text) for delay_ms
    inv_mpu.o(.text) refers to inv_mpu.o(.data) for st
    inv_mpu.o(.text) refers to inv_mpu.o(.conststring) for .conststring
    inv_mpu.o(.text) refers to inv_mpu.o(.constdata) for test
    inv_mpu.o(.text) refers to llsdiv.o(.text) for __aeabi_ldivmod
    inv_mpu.o(.text) refers to memcmp.o(.text) for memcmp
    inv_mpu.o(.text) refers to inv_mpu_dmp_motion_driver.o(.text) for dmp_set_gyro_bias
    inv_mpu.o(.text) refers to myiic.o(.text) for IIC_Init
    inv_mpu.o(.text) refers to f2d.o(x$fpl$f2d) for __aeabi_f2d
    inv_mpu.o(.text) refers to asin.o(i.__hardfp_asin) for __hardfp_asin
[...]
    __rt_lib_init_alloca_1                   0x0800027b   Thumb Code     0  libinit2.o(.ARM.Collect$$libinit$$0000002E)
    __rt_lib_init_argv_1                     0x0800027b   Thumb Code     0  libinit2.o(.ARM.Collect$$libinit$$0000002C)
    __rt_lib_init_atexit_1                   0x0800027b   Thumb Code     0  libinit2.o(.ARM.Collect$$libinit$$0000001B)
    __rt_lib_init_clock_1                    0x0800027b   Thumb Code     0  libinit2.o(.ARM.Collect$$libinit$$00000021)
    __rt_lib_init_cpp_1                      0x0800027b   Thumb Code     0  libinit2.o(.ARM.Collect$$libinit$$00000032)
    __rt_lib_init_exceptions_1               0x0800027b   Thumb Code     0  libinit2.o(.ARM.Collect$$libinit$$00000030)
    __rt_lib_init_fp_trap_1                  0x0800027b   Thumb Code     0  libinit2.o(.ARM.Collect$$libinit$$0000001F)
    __rt_lib_init_getenv_1                   0x0800027b   Thumb Code     0  libinit2.o(.ARM.Collect$$libinit$$00000023)
    __rt_lib_init_lc_numeric_1               0x0800027b   Thumb Code     0  libinit2.o(.ARM.Collect$$libinit$$00000017)
    __rt_lib_init_lc_time_1                  0x0800027b   Thumb Code     0  libinit2.o(.ARM.Collect$$libinit$$00000019)
    __rt_lib_init_return                     0x0800027b   Thumb Code     0  libinit2.o(.ARM.Collect$$libinit$$00000033)
    __rt_lib_init_signal_1                   0x0800027b   Thumb Code     0  libinit2.o(.ARM.Collect$$libinit$$0000001D)
    __rt_lib_init_stdio_1                    0x0800027b   Thumb Code     0  libinit2.o(.ARM.Collect$$libinit$$00000025)
    __rt_lib_shutdown                        0x0800027d   Thumb Code     0  libshutdown.o(.ARM.Collect$$libshutdown$$00000000)
    __rt_lib_shutdown_fp_trap_1              0x0800027f   Thumb Code     0  libshutdown2.o(.ARM.Collect$$libshutdown$$00000006)
    __rt_lib_shutdown_heap_1                 0x0800027f   Thumb Code     0  libshutdown2.o(.ARM.Collect$$libshutdown$$0000000E)
    __rt_lib_shutdown_return                 0x0800027f   Thumb Code     0  libshutdown2.o(.ARM.Collect$$libshutdown$$0000000F)
    __rt_lib_shutdown_signal_1               0x0800027f   Thumb Code     0  libshutdown2.o(.ARM.Collect$$libshutdown$$00000009)
    __rt_lib_shutdown_stdio_1                0x0800027f   Thumb Code     0  libshutdown2.o(.ARM.Collect$$libshutdown$$00000003)
    __rt_lib_shutdown_user_alloc_1           0x0800027f   Thumb Code     0  libshutdown2.o(.ARM.Collect$$libshutdown$$0000000B)
    __rt_entry                               0x08000281   Thumb Code     0  __rtentry.o(.ARM.Collect$$rtentry$$00000000)
    __rt_entry_presh_1                       0x08000281   Thumb Code     0  __rtentry2.o(.ARM.Collect$$rtentry$$00000002)
    __rt_entry_sh                            0x08000281   Thumb Code     0  __rtentry4.o(.ARM.Collect$$rtentry$$00000004)
    __rt_entry_li                            0x08000287   Thumb Code     0  __rtentry2.o(.ARM.Collect$$rtentry$$0000000A)
    __rt_entry_postsh_1                      0x08000287   Thumb Code     0  __rtentry2.o(.ARM.Collect$$rtentry$$00000009)
    __rt_entry_main                          0x0800028b   Thumb Code     0  __rtentry2.o(.ARM.Collect$$rtentry$$0000000D)
    __rt_entry_postli_1                      0x0800028b   Thumb Code     0  __rtentry2.o(.ARM.Collect$$rtentry$$0000000C)
    __rt_exit                                0x08000293   Thumb Code     0  rtexit.o(.ARM.Collect$$rtexit$$00000000)
    __rt_exit_ls                             0x08000295   Thumb Code     0  rtexit2.o(.ARM.Collect$$rtexit$$00000003)
    __rt_exit_prels_1                        0x08000295   Thumb Code     0  rtexit2.o(.ARM.Collect$$rtexit$$00000002)
    __rt_exit_exit                           0x08000299   Thumb Code     0  rtexit2.o(.ARM.Collect$$rtexit$$00000004)
    usart1_send_char                         0x080002a1   Thumb Code    28  main.o(.text)
    usart1_niming_report                     0x080002bd   Thumb Code   118  main.o(.text)
    mpu6050_send_data                        0x08000333   Thumb Code   110  main.o(.text)
    usart1_report_imu                        0x080003a1   Thumb Code   192  main.o(.text)
    Kalman_Filter                            0x08000461   Thumb Code   652  main.o(.text)
    main                                     0x080006ed   Thumb Code  1958  main.o(.text)
    NMI_Handler                              0x08000ef9   Thumb Code     2  stm32f4xx_it.o(.text)
    HardFault_Handler                        0x08000efb   Thumb Code     4  stm32f4xx_it.o(.text)
    MemManage_Handler                        0x08000eff   Thumb Code     4  stm32f4xx_it.o(.text)
    BusFault_Handler                         0x08000f03   Thumb Code     4  stm32f4xx_it.o(.text)
    UsageFault_Handler                       0x08000f07   Thumb Code     4  stm32f4xx_it.o(.text)
    SVC_Handler                              0x08000f0b   Thumb Code     2  stm32f4xx_it.o(.text)
    DebugMon_Handler                         0x08000f0d   Thumb Code     2  stm32f4xx_it.o(.text)
    PendSV_Handler                           0x08000f0f   Thumb Code     2  stm32f4xx_it.o(.text)
    SysTick_Handler                          0x08000f11   Thumb Code     2  stm32f4xx_it.o(.text)
    SystemInit                               0x08000ff1   Thumb Code    88  system_stm32f4xx.o(.text)
    SystemCoreClockUpdate                    0x08001049   Thumb Code   174  system_stm32f4xx.o(.text)
    LED_Init                                 0x08001125   Thumb Code    60  led.o(.text)
    KEY_Init                                 0x08001165   Thumb Code    60  key.o(.text)
    KEY_Scan                                 0x080011a1   Thumb Code   188  key.o(.text)
    LCD_WR_REG                               0x08001269   Thumb Code    18  lcd.o(.text)
    LCD_WR_DATA                              0x0800127b   Thumb Code    20  lcd.o(.text)
    LCD_RD_DATA                              0x0800128f   Thumb Code    16  lcd.o(.text)
    LCD_WriteReg                             0x0800129f   Thumb Code    14  lcd.o(.text)
    LCD_ReadReg                              0x080012ad   Thumb Code    22  lcd.o(.text)
    LCD_WriteRAM_Prepare                     0x080012c3   Thumb Code    10  lcd.o(.text)
    LCD_WriteRAM                             0x080012cd   Thumb Code     8  lcd.o(.text)
    LCD_BGR2RGB                              0x080012d5   Thumb Code    26  lcd.o(.text)
    opt_delay                                0x080012ef   Thumb Code    14  lcd.o(.text)
    LCD_SetCursor                            0x080012fd   Thumb Code   418  lcd.o(.text)
    LCD_ReadPoint                            0x0800149f   Thumb Code   360  lcd.o(.text)
    LCD_DisplayOn                            0x08001607   Thumb Code   102  lcd.o(.text)
    LCD_DisplayOff                           0x0800166d   Thumb Code    90  lcd.o(.text)
    LCD_Scan_Dir                             0x080016c7   Thumb Code   744  lcd.o(.text)
    LCD_DrawPoint                            0x080019af   Thumb Code    28  lcd.o(.text)
    LCD_Fast_DrawPoint                       0x080019cb   Thumb Code   388  lcd.o(.text)
    LCD_SSD_BackLightSet                     0x08001b4f   Thumb Code    88  lcd.o(.text)
    LCD_Display_Dir                          0x08001ba7   Thumb Code   444  lcd.o(.text)
    LCD_Set_Window                           0x08001d63   Thumb Code   546  lcd.o(.text)
    LCD_Clear                                0x08001f85   Thumb Code   100  lcd.o(.text)
    LCD_Init                                 0x08001fe9   Thumb Code 14696  lcd.o(.text)
    LCD_Fill                                 0x08005951   Thumb Code   180  lcd.o(.text)
    LCD_Color_Fill                           0x08005a05   Thumb Code   100  lcd.o(.text)
    LCD_DrawLine                             0x08005a69   Thumb Code   176  lcd.o(.text)
    LCD_DrawRectangle                        0x08005b19   Thumb Code    60  lcd.o(.text)
    LCD_Draw_Circle                          0x08005b55   Thumb Code   152  lcd.o(.text)
    LCD_ShowChar                             0x08005bed   Thumb Code   272  lcd.o(.text)
    LCD_Pow                                  0x08005cfd   Thumb Code    22  lcd.o(.text)
    LCD_ShowNum                              0x08005d13   Thumb Code   148  lcd.o(.text)
    LCD_ShowxNum                             0x08005da7   Thumb Code   220  lcd.o(.text)
    LCD_ShowString                           0x08005e83   Thumb Code   102  lcd.o(.text)
    IIC_Init                                 0x08005ee9   Thumb Code    62  myiic.o(.text)
    IIC_Start                                0x08005f27   Thumb Code    68  myiic.o(.text)
    IIC_Stop                                 0x08005f6b   Thumb Code    62  myiic.o(.text)
    IIC_Wait_Ack                             0x08005fa9   Thumb Code    82  myiic.o(.text)
    IIC_Ack                                  0x08005ffb   Thumb Code    66  myiic.o(.text)
    IIC_NAck                                 0x0800603d   Thumb Code    66  myiic.o(.text)
    IIC_Send_Byte                            0x0800607f   Thumb Code    90  myiic.o(.text)
    IIC_Read_Byte                            0x080060d9   Thumb Code    94  myiic.o(.text)
    MPU_Write_Byte                           0x08006145   Thumb Code    68  mpu6050.o(.text)
    MPU_Set_LPF                              0x08006189   Thumb Code    58  mpu6050.o(.text)
    MPU_Set_Rate                             0x080061c3   Thumb Code    58  mpu6050.o(.text)
    MPU_Read_Byte                            0x080061fd   Thumb Code    58  mpu6050.o(.text)
    MPU_Set_Accel_Fsr                        0x08006237   Thumb Code    16  mpu6050.o(.text)
    MPU_Set_Gyro_Fsr                         0x08006247   Thumb Code    16  mpu6050.o(.text)
    MPU_Init                                 0x08006257   Thumb Code   122  mpu6050.o(.text)
    MPU_Read_Len                             0x080062d1   Thumb Code   116  mpu6050.o(.text)
    MPU_Get_Temperature                      0x08006345   Thumb Code   110  mpu6050.o(.text)
    MPU_Get_Gyroscope                        0x080063b3   Thumb Code    80  mpu6050.o(.text)
    MPU_Get_Accelerometer                    0x08006403   Thumb Code    80  mpu6050.o(.text)
    MPU_Write_Len                            0x08006453   Thumb Code    96  mpu6050.o(.text)
    mpu_reg_dump                             0x08006553   Thumb Code    84  inv_mpu.o(.text)
    mpu_read_reg                             0x080065a7   Thumb Code    66  inv_mpu.o(.text)
    mpu_set_int_latched                      0x080065e9   Thumb Code   102  inv_mpu.o(.text)
    mpu_set_sensors                          0x0800664f   Thumb Code   202  inv_mpu.o(.text)
    mpu_set_bypass                           0x08006719   Thumb Code   328  inv_mpu.o(.text)
    mpu_reset_fifo                           0x08006861   Thumb Code   472  inv_mpu.o(.text)
    mpu_configure_fifo                       0x08006a39   Thumb Code   106  inv_mpu.o(.text)
    mpu_set_lpf                              0x08006aa3   Thumb Code   126  inv_mpu.o(.text)
    mpu_lp_accel_mode                        0x08006b21   Thumb Code   218  inv_mpu.o(.text)
    mpu_set_sample_rate                      0x08006bfb   Thumb Code   152  inv_mpu.o(.text)
    mpu_set_accel_fsr                        0x08006c93   Thumb Code   132  inv_mpu.o(.text)
    mpu_set_gyro_fsr                         0x08006d17   Thumb Code   132  inv_mpu.o(.text)
    mpu_init                                 0x08006d9b   Thumb Code   416  inv_mpu.o(.text)
    mget_ms                                  0x08006f3b   Thumb Code     2  inv_mpu.o(.text)
    mpu_get_gyro_reg                         0x08006f3d   Thumb Code   110  inv_mpu.o(.text)
    mpu_get_accel_reg                        0x08006fab   Thumb Code   110  inv_mpu.o(.text)
    mpu_get_temperature                      0x08007019   Thumb Code   142  inv_mpu.o(.text)
    mpu_set_accel_bias                       0x080070a7   Thumb Code   472  inv_mpu.o(.text)
    mpu_get_gyro_fsr                         0x0800727f   Thumb Code    64  inv_mpu.o(.text)
    mpu_get_accel_fsr                        0x080072bf   Thumb Code    72  inv_mpu.o(.text)
    mpu_get_lpf                              0x08007307   Thumb Code    74  inv_mpu.o(.text)
    mpu_get_sample_rate                      0x08007351   Thumb Code    26  inv_mpu.o(.text)
    mpu_get_compass_sample_rate              0x0800736b   Thumb Code    10  inv_mpu.o(.text)
    mpu_set_compass_sample_rate              0x08007375   Thumb Code     8  inv_mpu.o(.text)
    mpu_get_gyro_sens                        0x0800737d   Thumb Code    74  inv_mpu.o(.text)
    mpu_get_accel_sens                       0x080073c7   Thumb Code    78  inv_mpu.o(.text)
    mpu_get_fifo_config                      0x08007415   Thumb Code    12  inv_mpu.o(.text)
    mpu_get_power_state                      0x08007421   Thumb Code    22  inv_mpu.o(.text)
    mpu_get_int_status                       0x08007437   Thumb Code    64  inv_mpu.o(.text)
    mpu_read_fifo                            0x08007477   Thumb Code   520  inv_mpu.o(.text)
    mpu_read_fifo_stream                     0x0800767f   Thumb Code   186  inv_mpu.o(.text)
    mpu_set_int_level                        0x08007739   Thumb Code    12  inv_mpu.o(.text)
    mpu_set_dmp_state                        0x08007e49   Thumb Code   138  inv_mpu.o(.text)
    mpu_run_self_test                        0x08007ed3   Thumb Code   278  inv_mpu.o(.text)
    mpu_write_mem                            0x08007fe9   Thumb Code   122  inv_mpu.o(.text)
    mpu_read_mem                             0x08008063   Thumb Code   122  inv_mpu.o(.text)
    mpu_load_firmware                        0x080080dd   Thumb Code   190  inv_mpu.o(.text)
    mpu_get_dmp_state                        0x0800819b   Thumb Code    14  inv_mpu.o(.text)
    setup_compass                            0x080081a9   Thumb Code     6  inv_mpu.o(.text)
    mpu_get_compass_reg                      0x080081af   Thumb Code     8  inv_mpu.o(.text)
    mpu_get_compass_fsr                      0x080081b7   Thumb Code     8  inv_mpu.o(.text)
    mpu_lp_motion_interrupt                  0x080081bf   Thumb Code   512  inv_mpu.o(.text)
    run_self_test                            0x080083bf   Thumb Code   154  inv_mpu.o(.text)
    inv_row_2_scale                          0x08008459   Thumb Code    78  inv_mpu.o(.text)
    inv_orientation_matrix_to_scalar         0x080084a7   Thumb Code    40  inv_mpu.o(.text)
    mpu_dmp_init                             0x080084cf   Thumb Code   160  inv_mpu.o(.text)
    mpu_dmp_get_data                         0x0800856f   Thumb Code   520  inv_mpu.o(.text)
    dmp_load_motion_driver_firmware          0x08008789   Thumb Code    20  inv_mpu_dmp_motion_driver.o(.text)
    dmp_set_orientation                      0x0800879d   Thumb Code   290  inv_mpu_dmp_motion_driver.o(.text)
    dmp_set_gyro_bias                        0x080088bf   Thumb Code   294  inv_mpu_dmp_motion_driver.o(.text)
    dmp_set_accel_bias                       0x080089e5   Thumb Code   300  inv_mpu_dmp_motion_driver.o(.text)
    dmp_set_fifo_rate                        0x08008b11   Thumb Code   136  inv_mpu_dmp_motion_driver.o(.text)
    dmp_get_fifo_rate                        0x08008b99   Thumb Code    12  inv_mpu_dmp_motion_driver.o(.text)
    dmp_set_tap_thresh                       0x08008ba5   Thumb Code   412  inv_mpu_dmp_motion_driver.o(.text)
    dmp_set_tap_axes                         0x08008d41   Thumb Code    70  inv_mpu_dmp_motion_driver.o(.text)
    dmp_set_tap_count                        0x08008d87   Thumb Code    38  inv_mpu_dmp_motion_driver.o(.text)
    dmp_set_tap_time                         0x08008dad   Thumb Code    38  inv_mpu_dmp_motion_driver.o(.text)
    dmp_set_tap_time_multi                   0x08008dd3   Thumb Code    38  inv_mpu_dmp_motion_driver.o(.text)
    dmp_set_shake_reject_thresh              0x08008df9   Thumb Code    56  inv_mpu_dmp_motion_driver.o(.text)
    dmp_set_shake_reject_time                0x08008e31   Thumb Code    38  inv_mpu_dmp_motion_driver.o(.text)
    dmp_set_shake_reject_timeout             0x08008e57   Thumb Code    38  inv_mpu_dmp_motion_driver.o(.text)
    dmp_get_pedometer_step_count             0x08008e7d   Thumb Code    66  inv_mpu_dmp_motion_driver.o(.text)
    dmp_set_pedometer_step_count             0x08008ebf   Thumb Code    42  inv_mpu_dmp_motion_driver.o(.text)
    dmp_get_pedometer_walk_time              0x08008ee9   Thumb Code    72  inv_mpu_dmp_motion_driver.o(.text)
    dmp_set_pedometer_walk_time              0x08008f31   Thumb Code    48  inv_mpu_dmp_motion_driver.o(.text)
    dmp_enable_6x_lp_quat                    0x08008f61   Thumb Code   100  inv_mpu_dmp_motion_driver.o(.text)
    dmp_enable_lp_quat                       0x08008fc5   Thumb Code    60  inv_mpu_dmp_motion_driver.o(.text)
    dmp_enable_gyro_cal                      0x08009001   Thumb Code    62  inv_mpu_dmp_motion_driver.o(.text)
    dmp_enable_feature                       0x0800903f   Thumb Code   530  inv_mpu_dmp_motion_driver.o(.text)
    dmp_get_enabled_features                 0x08009251   Thumb Code    12  inv_mpu_dmp_motion_driver.o(.text)
    dmp_set_interrupt_mode                   0x080092bb   Thumb Code    66  inv_mpu_dmp_motion_driver.o(.text)
    dmp_read_fifo                            0x080092fd   Thumb Code   514  inv_mpu_dmp_motion_driver.o(.text)
    dmp_register_tap_cb                      0x080094ff   Thumb Code    10  inv_mpu_dmp_motion_driver.o(.text)
    dmp_register_android_orient_cb           0x08009509   Thumb Code    10  inv_mpu_dmp_motion_driver.o(.text)
    delay_init                               0x08009519   Thumb Code    52  delay.o(.text)
    delay_us                                 0x0800954d   Thumb Code    72  delay.o(.text)
    delay_xms                                0x08009595   Thumb Code    72  delay.o(.text)
    delay_ms                                 0x080095dd   Thumb Code    56  delay.o(.text)
    _sys_exit                                0x0800961d   Thumb Code     4  usart.o(.text)
    fputc                                    0x08009621   Thumb Code    22  usart.o(.text)
    uart_init                                0x08009637   Thumb Code   164  usart.o(.text)
    USART1_IRQHandler                        0x080096db   Thumb Code   122  usart.o(.text)
    Reset_Handler                            0x08009765   Thumb Code     8  startup_stm32f40_41xxx.o(.text)
    ADC_IRQHandler                           0x0800977f   Thumb Code     0  startup_stm32f40_41xxx.o(.text)
    CAN1_RX0_IRQHandler                      0x0800977f   Thumb Code     0  startup_stm32f40_41xxx.o(.text)
    CAN1_RX1_IRQHandler                      0x0800977f   Thumb Code     0  startup_stm32f40_41xxx.o(.text)
    CAN1_SCE_IRQHandler                      0x0800977f   Thumb Code     0  startup_stm32f40_41xxx.o(.text)
    CAN1_TX_IRQHandler                       0x0800977f   Thumb Code     0  startup_stm32f40_41xxx.o(.text)
    CAN2_RX0_IRQHandler                      0x0800977f   Thumb Code     0  startup_stm32f40_41xxx.o(.text)
    CAN2_RX1_IRQHandler                      0x0800977f   Thumb Code     0  startup_stm32f40_41xxx.o(.text)
    CAN2_SCE_IRQHandler                      0x0800977f   Thumb Code     0  startup_stm32f40_41xxx.o(.text)
    CAN2_TX_IRQHandler                       0x0800977f   Thumb Code     0  startup_stm32f40_41xxx.o(.text)
    CRYP_IRQHandler                          0x0800977f   Thumb Code     0  startup_stm32f40_41xxx.o(.text)
    DCMI_IRQHandler                          0x0800977f   Thumb Code     0  startup_stm32f40_41xxx.o(.text)
    DMA1_Stream0_IRQHandler                  0x0800977f   Thumb Code     0  startup_stm32f40_41xxx.o(.text)
    DMA1_Stream1_IRQHandler                  0x0800977f   Thumb Code     0  startup_stm32f40_41xxx.o(.text)
    DMA1_Stream2_IRQHandler                  0x0800977f   Thumb Code     0  startup_stm32f40_41xxx.o(.text)
    DMA1_Stream3_IRQHandler                  0x0800977f   Thumb Code     0  startup_stm32f40_41xxx.o(.text)
    DMA1_Stream4_IRQHandler                  0x0800977f   Thumb Code     0  startup_stm32f40_41xxx.o(.text)
    DMA1_Stream5_IRQHandler                  0x0800977f   Thumb Code     0  startup_stm32f40_41xxx.o(.text)
    DMA1_Stream6_IRQHandler                  0x0800977f   Thumb Code     0  startup_stm32f40_41xxx.o(.text)
    DMA1_Stream7_IRQHandler                  0x0800977f   Thumb Code     0  startup_stm32f40_41xxx.o(.text)
    DMA2_Stream0_IRQHandler                  0x0800977f   Thumb Code     0  startup_stm32f40_41xxx.o(.text)
    DMA2_Stream1_IRQHandler                  0x0800977f   Thumb Code     0  startup_stm32f40_41xxx.o(.text)
    DMA2_Stream2_IRQHandler                  0x0800977f   Thumb Code     0  startup_stm32f40_41xxx.o(.text)
    DMA2_Stream3_IRQHandler                  0x0800977f   Thumb Code     0  startup_stm32f40_41xxx.o(.text)
    DMA2_Stream4_IRQHandler                  0x0800977f   Thumb Code     0  startup_stm32f40_41xxx.o(.text)
    DMA2_Stream5_IRQHandler                  0x0800977f   Thumb Code     0  startup_stm32f40_41xxx.o(.text)
    DMA2_Stream6_IRQHandler                  0x0800977f   Thumb Code     0  startup_stm32f40_41xxx.o(.text)
    DMA2_Stream7_IRQHandler                  0x0800977f   Thumb Code     0  startup_stm32f40_41xxx.o(.text)
    ETH_IRQHandler                           0x0800977f   Thumb Code     0  startup_stm32f40_41xxx.o(.text)
    ETH_WKUP_IRQHandler                      0x0800977f   Thumb Code     0  startup_stm32f40_41xxx.o(.text)
    EXTI0_IRQHandler                         0x0800977f   Thumb Code     0  startup_stm32f40_41xxx.o(.text)
    EXTI15_10_IRQHandler                     0x0800977f   Thumb Code     0  startup_stm32f40_41xxx.o(.text)
    EXTI1_IRQHandler                         0x0800977f   Thumb Code     0  startup_stm32f40_41xxx.o(.text)
    EXTI2_IRQHandler                         0x0800977f   Thumb Code     0  startup_stm32f40_41xxx.o(.text)
    EXTI3_IRQHandler                         0x0800977f   Thumb Code     0  startup_stm32f40_41xxx.o(.text)
    EXTI4_IRQHandler                         0x0800977f   Thumb Code     0  startup_stm32f40_41xxx.o(.text)
    EXTI9_5_IRQHandler                       0x0800977f   Thumb Code     0  startup_stm32f40_41xxx.o(.text)
    FLASH_IRQHandler                         0x0800977f   Thumb Code     0  startup_stm32f40_41xxx.o(.text)
    FPU_IRQHandler                           0x0800977f   Thumb Code     0  startup_stm32f40_41xxx.o(.text)
    FSMC_IRQHandler                          0x0800977f   Thumb Code     0  startup_stm32f40_41xxx.o(.text)
    HASH_RNG_IRQHandler                      0x0800977f   Thumb Code     0  startup_stm32f40_41xxx.o(.text)
    I2C1_ER_IRQHandler                       0x0800977f   Thumb Code     0  startup_stm32f40_41xxx.o(.text)
    I2C1_EV_IRQHandler                       0x0800977f   Thumb Code     0  startup_stm32f40_41xxx.o(.text)
    I2C2_ER_IRQHandler                       0x0800977f   Thumb Code     0  startup_stm32f40_41xxx.o(.text)
    I2C2_EV_IRQHandler                       0x0800977f   Thumb Code     0  startup_stm32f40_41xxx.o(.text)
    I2C3_ER_IRQHandler                       0x0800977f   Thumb Code     0  startup_stm32f40_41xxx.o(.text)
    I2C3_EV_IRQHandler                       0x0800977f   Thumb Code     0  startup_stm32f40_41xxx.o(.text)
    OTG_FS_IRQHandler                        0x0800977f   Thumb Code     0  startup_stm32f40_41xxx.o(.text)
    OTG_FS_WKUP_IRQHandler                   0x0800977f   Thumb Code     0  startup_stm32f40_41xxx.o(.text)
    OTG_HS_EP1_IN_IRQHandler                 0x0800977f   Thumb Code     0  startup_stm32f40_41xxx.o(.text)
    OTG_HS_EP1_OUT_IRQHandler                0x0800977f   Thumb Code     0  startup_stm32f40_41xxx.o(.text)
    OTG_HS_IRQHandler                        0x0800977f   Thumb Code     0  startup_stm32f40_41xxx.o(.text)
    OTG_HS_WKUP_IRQHandler                   0x0800977f   Thumb Code     0  startup_stm32f40_41xxx.o(.text)
    PVD_IRQHandler                           0x0800977f   Thumb Code     0  startup_stm32f40_41xxx.o(.text)
    RCC_IRQHandler                           0x0800977f   Thumb Code     0  startup_stm32f40_41xxx.o(.text)
    RTC_Alarm_IRQHandler                     0x0800977f   Thumb Code     0  startup_stm32f40_41xxx.o(.text)
    RTC_WKUP_IRQHandler                      0x0800977f   Thumb Code     0  startup_stm32f40_41xxx.o(.text)
    SDIO_IRQHandler                          0x0800977f   Thumb Code     0  startup_stm32f40_41xxx.o(.text)
    SPI1_IRQHandler                          0x0800977f   Thumb Code     0  startup_stm32f40_41xxx.o(.text)
    SPI2_IRQHandler                          0x0800977f   Thumb Code     0  startup_stm32f40_41xxx.o(.text)
    SPI3_IRQHandler                          0x0800977f   Thumb Code     0  startup_stm32f40_41xxx.o(.text)
    TAMP_STAMP_IRQHandler                    0x0800977f   Thumb Code     0  startup_stm32f40_41xxx.o(.text)
    TIM1_BRK_TIM9_IRQHandler                 0x0800977f   Thumb Code     0  startup_stm32f40_41xxx.o(.text)
    TIM1_CC_IRQHandler                       0x0800977f   Thumb Code     0  startup_stm32f40_41xxx.o(.text)
    TIM1_TRG_COM_TIM11_IRQHandler            0x0800977f   Thumb Code     0  startup_stm32f40_41xxx.o(.text)
    TIM1_UP_TIM10_IRQHandler                 0x0800977f   Thumb Code     0  startup_stm32f40_41xxx.o(.text)
    TIM2_IRQHandler                          0x0800977f   Thumb Code     0  startup_stm32f40_41xxx.o(.text)
    TIM3_IRQHandler                          0x0800977f   Thumb Code     0  startup_stm32f40_41xxx.o(.text)
    TIM5_IRQHandler                          0x0800977f   Thumb Code     0  startup_stm32f40_41xxx.o(.text)
    TIM6_DAC_IRQHandler                      0x0800977f   Thumb Code     0  startup_stm32f40_41xxx.o(.text)
    TIM7_IRQHandler                          0x0800977f   Thumb Code     0  startup_stm32f40_41xxx.o(.text)
    TIM8_BRK_TIM12_IRQHandler                0x0800977f   Thumb Code     0  startup_stm32f40_41xxx.o(.text)
    TIM8_CC_IRQHandler                       0x0800977f   Thumb Code     0  startup_stm32f40_41xxx.o(.text)
    TIM8_TRG_COM_TIM14_IRQHandler            0x0800977f   Thumb Code     0  startup_stm32f40_41xxx.o(.text)
    TIM8_UP_TIM13_IRQHandler                 0x0800977f   Thumb Code     0  startup_stm32f40_41xxx.o(.text)
    UART4_IRQHandler                         0x0800977f   Thumb Code     0  startup_stm32f40_41xxx.o(.text)
    UART5_IRQHandler                         0x0800977f   Thumb Code     0  startup_stm32f40_41xxx.o(.text)
    USART2_IRQHandler                        0x0800977f   Thumb Code     0  startup_stm32f40_41xxx.o(.text)
    USART3_IRQHandler                        0x0800977f   Thumb Code     0  startup_stm32f40_41xxx.o(.text)
    USART6_IRQHandler                        0x0800977f   Thumb Code     0  startup_stm32f40_41xxx.o(.text)
    WWDG_IRQHandler                          0x0800977f   Thumb Code     0  startup_stm32f40_41xxx.o(.text)
    __user_initial_stackheap                 0x08009781   Thumb Code     0  startup_stm32f40_41xxx.o(.text)
    NVIC_PriorityGroupConfig                 0x080097a5   Thumb Code    10  misc.o(.text)
    NVIC_Init                                0x080097af   Thumb Code   106  misc.o(.text)
    NVIC_SetVectorTable                      0x08009819   Thumb Code    14  misc.o(.text)
    NVIC_SystemLPConfig                      0x08009827   Thumb Code    34  misc.o(.text)
    SysTick_CLKSourceConfig                  0x08009849   Thumb Code    40  misc.o(.text)
    FSMC_NORSRAMDeInit                       0x08009885   Thumb Code    54  stm32f4xx_fsmc.o(.text)
    FSMC_NORSRAMInit                         0x080098bb   Thumb Code   230  stm32f4xx_fsmc.o(.text)
    FSMC_NORSRAMStructInit                   0x080099a1   Thumb Code    48  stm32f4xx_fsmc.o(.text)
    FSMC_NORSRAMCmd                          0x080099d1   Thumb Code    46  stm32f4xx_fsmc.o(.text)
    FSMC_NANDDeInit                          0x080099ff   Thumb Code    62  stm32f4xx_fsmc.o(.text)
    FSMC_NANDInit                            0x08009a3d   Thumb Code   132  stm32f4xx_fsmc.o(.text)
    FSMC_NANDStructInit                      0x08009ac1   Thumb Code    54  stm32f4xx_fsmc.o(.text)
    FSMC_NANDCmd                             0x08009af7   Thumb Code    86  stm32f4xx_fsmc.o(.text)
    FSMC_NANDECCCmd                          0x08009b4d   Thumb Code    86  stm32f4xx_fsmc.o(.text)
    FSMC_GetECC                              0x08009ba3   Thumb Code    24  stm32f4xx_fsmc.o(.text)
    FSMC_PCCARDDeInit                        0x08009bbb   Thumb Code    36  stm32f4xx_fsmc.o(.text)
    FSMC_PCCARDInit                          0x08009bdf   Thumb Code   130  stm32f4xx_fsmc.o(.text)
    FSMC_PCCARDStructInit                    0x08009c61   Thumb Code    60  stm32f4xx_fsmc.o(.text)
    FSMC_PCCARDCmd                           0x08009c9d   Thumb Code    44  stm32f4xx_fsmc.o(.text)
    FSMC_ITConfig                            0x08009cc9   Thumb Code   128  stm32f4xx_fsmc.o(.text)
    FSMC_GetFlagStatus                       0x08009d49   Thumb Code    54  stm32f4xx_fsmc.o(.text)
    FSMC_ClearFlag                           0x08009d7f   Thumb Code    74  stm32f4xx_fsmc.o(.text)
    FSMC_GetITStatus                         0x08009dc9   Thumb Code    62  stm32f4xx_fsmc.o(.text)
    FSMC_ClearITPendingBit                   0x08009e07   Thumb Code    66  stm32f4xx_fsmc.o(.text)
    GPIO_DeInit                              0x08009e4d   Thumb Code   268  stm32f4xx_gpio.o(.text)
    GPIO_Init                                0x08009f59   Thumb Code   144  stm32f4xx_gpio.o(.text)
    GPIO_StructInit                          0x08009fe9   Thumb Code    18  stm32f4xx_gpio.o(.text)
    GPIO_PinLockConfig                       0x08009ffb   Thumb Code    34  stm32f4xx_gpio.o(.text)
    GPIO_ReadInputDataBit                    0x0800a01d   Thumb Code    18  stm32f4xx_gpio.o(.text)
    GPIO_ReadInputData                       0x0800a02f   Thumb Code     8  stm32f4xx_gpio.o(.text)
    GPIO_ReadOutputDataBit                   0x0800a037   Thumb Code    18  stm32f4xx_gpio.o(.text)
    GPIO_ReadOutputData                      0x0800a049   Thumb Code     8  stm32f4xx_gpio.o(.text)
    GPIO_SetBits                             0x0800a051   Thumb Code     4  stm32f4xx_gpio.o(.text)
    GPIO_ResetBits                           0x0800a055   Thumb Code     4  stm32f4xx_gpio.o(.text)
    GPIO_WriteBit                            0x0800a059   Thumb Code    10  stm32f4xx_gpio.o(.text)
    GPIO_Write                               0x0800a063   Thumb Code     4  stm32f4xx_gpio.o(.text)
    GPIO_ToggleBits                          0x0800a067   Thumb Code     8  stm32f4xx_gpio.o(.text)
    GPIO_PinAFConfig                         0x0800a06f   Thumb Code    70  stm32f4xx_gpio.o(.text)
    RCC_DeInit                               0x0800a0e1   Thumb Code    82  stm32f4xx_rcc.o(.text)
    RCC_HSEConfig                            0x0800a133   Thumb Code    14  stm32f4xx_rcc.o(.text)
    RCC_GetFlagStatus                        0x0800a141   Thumb Code    60  stm32f4xx_rcc.o(.text)
    RCC_WaitForHSEStartUp                    0x0800a17d   Thumb Code    56  stm32f4xx_rcc.o(.text)
    RCC_AdjustHSICalibrationValue            0x0800a1b5   Thumb Code    20  stm32f4xx_rcc.o(.text)
    RCC_HSICmd                               0x0800a1c9   Thumb Code     6  stm32f4xx_rcc.o(.text)
    RCC_LSEConfig                            0x0800a1cf   Thumb Code    46  stm32f4xx_rcc.o(.text)
    RCC_LSICmd                               0x0800a1fd   Thumb Code     6  stm32f4xx_rcc.o(.text)
    RCC_PLLConfig                            0x0800a203   Thumb Code    32  stm32f4xx_rcc.o(.text)
    RCC_PLLCmd                               0x0800a223   Thumb Code     6  stm32f4xx_rcc.o(.text)
    RCC_PLLI2SConfig                         0x0800a229   Thumb Code    14  stm32f4xx_rcc.o(.text)
    RCC_PLLI2SCmd                            0x0800a237   Thumb Code     6  stm32f4xx_rcc.o(.text)
    RCC_PLLSAIConfig                         0x0800a23d   Thumb Code    20  stm32f4xx_rcc.o(.text)
    RCC_PLLSAICmd                            0x0800a251   Thumb Code     6  stm32f4xx_rcc.o(.text)
    RCC_ClockSecuritySystemCmd               0x0800a257   Thumb Code     6  stm32f4xx_rcc.o(.text)
    RCC_MCO1Config                           0x0800a25d   Thumb Code    28  stm32f4xx_rcc.o(.text)
    RCC_MCO2Config                           0x0800a279   Thumb Code    28  stm32f4xx_rcc.o(.text)
    RCC_SYSCLKConfig                         0x0800a295   Thumb Code    20  stm32f4xx_rcc.o(.text)
    RCC_GetSYSCLKSource                      0x0800a2a9   Thumb Code    12  stm32f4xx_rcc.o(.text)
    RCC_HCLKConfig                           0x0800a2b5   Thumb Code    20  stm32f4xx_rcc.o(.text)
    RCC_PCLK1Config                          0x0800a2c9   Thumb Code    20  stm32f4xx_rcc.o(.text)
    RCC_PCLK2Config                          0x0800a2dd   Thumb Code    22  stm32f4xx_rcc.o(.text)
    RCC_GetClocksFreq                        0x0800a2f3   Thumb Code   222  stm32f4xx_rcc.o(.text)
    RCC_RTCCLKConfig                         0x0800a3d1   Thumb Code    54  stm32f4xx_rcc.o(.text)
    RCC_RTCCLKCmd                            0x0800a407   Thumb Code     8  stm32f4xx_rcc.o(.text)
    RCC_BackupResetCmd                       0x0800a40f   Thumb Code     8  stm32f4xx_rcc.o(.text)
    RCC_I2SCLKConfig                         0x0800a417   Thumb Code     6  stm32f4xx_rcc.o(.text)
    RCC_SAIPLLI2SClkDivConfig                0x0800a41d   Thumb Code    26  stm32f4xx_rcc.o(.text)
    RCC_SAIPLLSAIClkDivConfig                0x0800a437   Thumb Code    28  stm32f4xx_rcc.o(.text)
    RCC_SAIBlockACLKConfig                   0x0800a453   Thumb Code    20  stm32f4xx_rcc.o(.text)
    RCC_SAIBlockBCLKConfig                   0x0800a467   Thumb Code    20  stm32f4xx_rcc.o(.text)
    RCC_LTDCCLKDivConfig                     0x0800a47b   Thumb Code    20  stm32f4xx_rcc.o(.text)
    RCC_TIMCLKPresConfig                     0x0800a48f   Thumb Code     6  stm32f4xx_rcc.o(.text)
    RCC_AHB1PeriphClockCmd                   0x0800a495   Thumb Code    34  stm32f4xx_rcc.o(.text)
    RCC_AHB2PeriphClockCmd                   0x0800a4b7   Thumb Code    78  stm32f4xx_rcc.o(.text)
    RCC_AHB3PeriphClockCmd                   0x0800a505   Thumb Code    34  stm32f4xx_rcc.o(.text)
    RCC_APB1PeriphClockCmd                   0x0800a527   Thumb Code    34  stm32f4xx_rcc.o(.text)
    RCC_APB2PeriphClockCmd                   0x0800a549   Thumb Code    34  stm32f4xx_rcc.o(.text)
    RCC_AHB1PeriphResetCmd                   0x0800a56b   Thumb Code    34  stm32f4xx_rcc.o(.text)
    RCC_AHB2PeriphResetCmd                   0x0800a58d   Thumb Code    34  stm32f4xx_rcc.o(.text)
    RCC_AHB3PeriphResetCmd                   0x0800a5af   Thumb Code    34  stm32f4xx_rcc.o(.text)
    RCC_APB1PeriphResetCmd                   0x0800a5d1   Thumb Code    34  stm32f4xx_rcc.o(.text)
    RCC_APB2PeriphResetCmd                   0x0800a5f3   Thumb Code    34  stm32f4xx_rcc.o(.text)
    RCC_AHB1PeriphClockLPModeCmd             0x0800a615   Thumb Code    34  stm32f4xx_rcc.o(.text)
    RCC_AHB2PeriphClockLPModeCmd             0x0800a637   Thumb Code    34  stm32f4xx_rcc.o(.text)
    RCC_AHB3PeriphClockLPModeCmd             0x0800a659   Thumb Code    34  stm32f4xx_rcc.o(.text)
    RCC_APB1PeriphClockLPModeCmd             0x0800a67b   Thumb Code    34  stm32f4xx_rcc.o(.text)
    RCC_APB2PeriphClockLPModeCmd             0x0800a69d   Thumb Code    34  stm32f4xx_rcc.o(.text)
    RCC_LSEModeConfig                        0x0800a6bf   Thumb Code    40  stm32f4xx_rcc.o(.text)
    RCC_ITConfig                             0x0800a6e7   Thumb Code    34  stm32f4xx_rcc.o(.text)
    RCC_ClearFlag                            0x0800a709   Thumb Code    18  stm32f4xx_rcc.o(.text)
    RCC_GetITStatus                          0x0800a71b   Thumb Code    22  stm32f4xx_rcc.o(.text)
    RCC_ClearITPendingBit                    0x0800a731   Thumb Code     8  stm32f4xx_rcc.o(.text)
    USART_DeInit                             0x0800a73d   Thumb Code   206  stm32f4xx_usart.o(.text)
    USART_Init                               0x0800a80b   Thumb Code   204  stm32f4xx_usart.o(.text)
    USART_StructInit                         0x0800a8d7   Thumb Code    24  stm32f4xx_usart.o(.text)
    USART_ClockInit                          0x0800a8ef   Thumb Code    32  stm32f4xx_usart.o(.text)
    USART_ClockStructInit                    0x0800a90f   Thumb Code    12  stm32f4xx_usart.o(.text)
    USART_Cmd                                0x0800a91b   Thumb Code    24  stm32f4xx_usart.o(.text)
    USART_SetPrescaler                       0x0800a933   Thumb Code    16  stm32f4xx_usart.o(.text)
    USART_OverSampling8Cmd                   0x0800a943   Thumb Code    22  stm32f4xx_usart.o(.text)
    USART_OneBitMethodCmd                    0x0800a959   Thumb Code    24  stm32f4xx_usart.o(.text)
    USART_SendData                           0x0800a971   Thumb Code     8  stm32f4xx_usart.o(.text)
    USART_ReceiveData                        0x0800a979   Thumb Code    10  stm32f4xx_usart.o(.text)
    USART_SetAddress                         0x0800a983   Thumb Code    18  stm32f4xx_usart.o(.text)
    USART_ReceiverWakeUpCmd                  0x0800a995   Thumb Code    24  stm32f4xx_usart.o(.text)
    USART_WakeUpConfig                       0x0800a9ad   Thumb Code    18  stm32f4xx_usart.o(.text)
    USART_LINBreakDetectLengthConfig         0x0800a9bf   Thumb Code    18  stm32f4xx_usart.o(.text)
    USART_LINCmd                             0x0800a9d1   Thumb Code    24  stm32f4xx_usart.o(.text)
    USART_SendBreak                          0x0800a9e9   Thumb Code    10  stm32f4xx_usart.o(.text)
    USART_HalfDuplexCmd                      0x0800a9f3   Thumb Code    24  stm32f4xx_usart.o(.text)
    USART_SetGuardTime                       0x0800aa0b   Thumb Code    16  stm32f4xx_usart.o(.text)
    USART_SmartCardCmd                       0x0800aa1b   Thumb Code    24  stm32f4xx_usart.o(.text)
    USART_SmartCardNACKCmd                   0x0800aa33   Thumb Code    24  stm32f4xx_usart.o(.text)
    USART_IrDAConfig                         0x0800aa4b   Thumb Code    18  stm32f4xx_usart.o(.text)
    USART_IrDACmd                            0x0800aa5d   Thumb Code    24  stm32f4xx_usart.o(.text)
    USART_DMACmd                             0x0800aa75   Thumb Code    18  stm32f4xx_usart.o(.text)
    USART_ITConfig                           0x0800aa87   Thumb Code    74  stm32f4xx_usart.o(.text)
    USART_GetFlagStatus                      0x0800aad1   Thumb Code    26  stm32f4xx_usart.o(.text)
    USART_ClearFlag                          0x0800aaeb   Thumb Code    18  stm32f4xx_usart.o(.text)
    USART_GetITStatus                        0x0800aafd   Thumb Code   118  stm32f4xx_usart.o(.text)
    USART_ClearITPendingBit                  0x0800ab73   Thumb Code    30  stm32f4xx_usart.o(.text)
    TIM_DeInit                               0x0800ab91   Thumb Code   346  stm32f4xx_tim.o(.text)
    TIM_TimeBaseInit                         0x0800aceb   Thumb Code   104  stm32f4xx_tim.o(.text)
    TIM_TimeBaseStructInit                   0x0800ad53   Thumb Code    18  stm32f4xx_tim.o(.text)
    TIM_PrescalerConfig                      0x0800ad65   Thumb Code     6  stm32f4xx_tim.o(.text)
    TIM_CounterModeConfig                    0x0800ad6b   Thumb Code    18  stm32f4xx_tim.o(.text)
    TIM_SetCounter                           0x0800ad7d   Thumb Code     4  stm32f4xx_tim.o(.text)
    TIM_SetAutoreload                        0x0800ad81   Thumb Code     4  stm32f4xx_tim.o(.text)
    TIM_GetCounter                           0x0800ad85   Thumb Code     6  stm32f4xx_tim.o(.text)
    TIM_GetPrescaler                         0x0800ad8b   Thumb Code     6  stm32f4xx_tim.o(.text)
    TIM_UpdateDisableConfig                  0x0800ad91   Thumb Code    24  stm32f4xx_tim.o(.text)
    TIM_UpdateRequestConfig                  0x0800ada9   Thumb Code    24  stm32f4xx_tim.o(.text)
    TIM_ARRPreloadConfig                     0x0800adc1   Thumb Code    24  stm32f4xx_tim.o(.text)
    TIM_SelectOnePulseMode                   0x0800add9   Thumb Code    18  stm32f4xx_tim.o(.text)
    TIM_SetClockDivision                     0x0800adeb   Thumb Code    18  stm32f4xx_tim.o(.text)
    TIM_Cmd                                  0x0800adfd   Thumb Code    24  stm32f4xx_tim.o(.text)
    TIM_OC1Init                              0x0800ae15   Thumb Code   114  stm32f4xx_tim.o(.text)
    TIM_OC2Init                              0x0800ae87   Thumb Code   154  stm32f4xx_tim.o(.text)
    TIM_OC3Init                              0x0800af21   Thumb Code   204  stm32f4xx_tim.o(.text)
    TIM_OC4Init                              0x0800afed   Thumb Code   112  stm32f4xx_tim.o(.text)
    TIM_OCStructInit                         0x0800b05d   Thumb Code    20  stm32f4xx_tim.o(.text)
    TIM_SelectOCxM                           0x0800b071   Thumb Code    86  stm32f4xx_tim.o(.text)
    TIM_SetCompare1                          0x0800b0c7   Thumb Code     4  stm32f4xx_tim.o(.text)
    TIM_SetCompare2                          0x0800b0cb   Thumb Code     4  stm32f4xx_tim.o(.text)
    TIM_SetCompare3                          0x0800b0cf   Thumb Code     4  stm32f4xx_tim.o(.text)
    TIM_SetCompare4                          0x0800b0d3   Thumb Code     4  stm32f4xx_tim.o(.text)
    TIM_ForcedOC1Config                      0x0800b0d7   Thumb Code    18  stm32f4xx_tim.o(.text)
    TIM_ForcedOC2Config                      0x0800b0e9   Thumb Code    26  stm32f4xx_tim.o(.text)
    TIM_ForcedOC3Config                      0x0800b103   Thumb Code    18  stm32f4xx_tim.o(.text)
    TIM_ForcedOC4Config                      0x0800b115   Thumb Code    26  stm32f4xx_tim.o(.text)
    TIM_OC1PreloadConfig                     0x0800b12f   Thumb Code    18  stm32f4xx_tim.o(.text)
    TIM_OC2PreloadConfig                     0x0800b141   Thumb Code    26  stm32f4xx_tim.o(.text)
    TIM_OC3PreloadConfig                     0x0800b15b   Thumb Code    18  stm32f4xx_tim.o(.text)
    TIM_OC4PreloadConfig                     0x0800b16d   Thumb Code    26  stm32f4xx_tim.o(.text)
    TIM_OC1FastConfig                        0x0800b187   Thumb Code    18  stm32f4xx_tim.o(.text)
    TIM_OC2FastConfig                        0x0800b199   Thumb Code    26  stm32f4xx_tim.o(.text)
    TIM_OC3FastConfig                        0x0800b1b3   Thumb Code    18  stm32f4xx_tim.o(.text)
    TIM_OC4FastConfig                        0x0800b1c5   Thumb Code    26  stm32f4xx_tim.o(.text)
    TIM_ClearOC1Ref                          0x0800b1df   Thumb Code    18  stm32f4xx_tim.o(.text)
    TIM_ClearOC2Ref                          0x0800b1f1   Thumb Code    24  stm32f4xx_tim.o(.text)
    TIM_ClearOC3Ref                          0x0800b209   Thumb Code    18  stm32f4xx_tim.o(.text)
    TIM_ClearOC4Ref                          0x0800b21b   Thumb Code    24  stm32f4xx_tim.o(.text)
    TIM_OC1PolarityConfig                    0x0800b233   Thumb Code    18  stm32f4xx_tim.o(.text)
    TIM_OC1NPolarityConfig                   0x0800b245   Thumb Code    18  stm32f4xx_tim.o(.text)
    TIM_OC2PolarityConfig                    0x0800b257   Thumb Code    26  stm32f4xx_tim.o(.text)
    TIM_OC2NPolarityConfig                   0x0800b271   Thumb Code    26  stm32f4xx_tim.o(.text)
    TIM_OC3PolarityConfig                    0x0800b28b   Thumb Code    26  stm32f4xx_tim.o(.text)
    TIM_OC3NPolarityConfig                   0x0800b2a5   Thumb Code    26  stm32f4xx_tim.o(.text)
    TIM_OC4PolarityConfig                    0x0800b2bf   Thumb Code    26  stm32f4xx_tim.o(.text)
    TIM_CCxCmd                               0x0800b2d9   Thumb Code    30  stm32f4xx_tim.o(.text)
    TIM_CCxNCmd                              0x0800b2f7   Thumb Code    30  stm32f4xx_tim.o(.text)
    TIM_SetIC4Prescaler                      0x0800b315   Thumb Code    26  stm32f4xx_tim.o(.text)
    TIM_SetIC3Prescaler                      0x0800b37f   Thumb Code    18  stm32f4xx_tim.o(.text)
    TIM_SetIC2Prescaler                      0x0800b3d9   Thumb Code    26  stm32f4xx_tim.o(.text)
    TIM_SetIC1Prescaler                      0x0800b44d   Thumb Code    18  stm32f4xx_tim.o(.text)
    TIM_ICInit                               0x0800b499   Thumb Code   110  stm32f4xx_tim.o(.text)
    TIM_ICStructInit                         0x0800b507   Thumb Code    18  stm32f4xx_tim.o(.text)
    TIM_PWMIConfig                           0x0800b519   Thumb Code   124  stm32f4xx_tim.o(.text)
    TIM_GetCapture1                          0x0800b595   Thumb Code     6  stm32f4xx_tim.o(.text)
    TIM_GetCapture2                          0x0800b59b   Thumb Code     6  stm32f4xx_tim.o(.text)
    TIM_GetCapture3                          0x0800b5a1   Thumb Code     6  stm32f4xx_tim.o(.text)
    TIM_GetCapture4                          0x0800b5a7   Thumb Code     6  stm32f4xx_tim.o(.text)
    TIM_BDTRConfig                           0x0800b5ad   Thumb Code    32  stm32f4xx_tim.o(.text)
    TIM_BDTRStructInit                       0x0800b5cd   Thumb Code    18  stm32f4xx_tim.o(.text)
    TIM_CtrlPWMOutputs                       0x0800b5df   Thumb Code    30  stm32f4xx_tim.o(.text)
    TIM_SelectCOM                            0x0800b5fd   Thumb Code    24  stm32f4xx_tim.o(.text)
    TIM_CCPreloadControl                     0x0800b615   Thumb Code    24  stm32f4xx_tim.o(.text)
    TIM_ITConfig                             0x0800b62d   Thumb Code    18  stm32f4xx_tim.o(.text)
    TIM_GenerateEvent                        0x0800b63f   Thumb Code     4  stm32f4xx_tim.o(.text)
    TIM_GetFlagStatus                        0x0800b643   Thumb Code    18  stm32f4xx_tim.o(.text)
    TIM_ClearFlag                            0x0800b655   Thumb Code     6  stm32f4xx_tim.o(.text)
    TIM_GetITStatus                          0x0800b65b   Thumb Code    34  stm32f4xx_tim.o(.text)
    TIM_ClearITPendingBit                    0x0800b67d   Thumb Code     6  stm32f4xx_tim.o(.text)
    TIM_DMAConfig                            0x0800b683   Thumb Code    10  stm32f4xx_tim.o(.text)
    TIM_DMACmd                               0x0800b68d   Thumb Code    18  stm32f4xx_tim.o(.text)
    TIM_SelectCCDMA                          0x0800b69f   Thumb Code    24  stm32f4xx_tim.o(.text)
    TIM_InternalClockConfig                  0x0800b6b7   Thumb Code    12  stm32f4xx_tim.o(.text)
    TIM_SelectInputTrigger                   0x0800b6c3   Thumb Code    18  stm32f4xx_tim.o(.text)
    TIM_ITRxExternalClockConfig              0x0800b6d5   Thumb Code    24  stm32f4xx_tim.o(.text)
    TIM_TIxExternalClockConfig               0x0800b6ed   Thumb Code    62  stm32f4xx_tim.o(.text)
    TIM_ETRConfig                            0x0800b72b   Thumb Code    28  stm32f4xx_tim.o(.text)
    TIM_ETRClockMode1Config                  0x0800b747   Thumb Code    54  stm32f4xx_tim.o(.text)
    TIM_ETRClockMode2Config                  0x0800b77d   Thumb Code    32  stm32f4xx_tim.o(.text)
    TIM_SelectOutputTrigger                  0x0800b79d   Thumb Code    18  stm32f4xx_tim.o(.text)
    TIM_SelectSlaveMode                      0x0800b7af   Thumb Code    18  stm32f4xx_tim.o(.text)
    TIM_SelectMasterSlaveMode                0x0800b7c1   Thumb Code    18  stm32f4xx_tim.o(.text)
    TIM_EncoderInterfaceConfig               0x0800b7d3   Thumb Code    66  stm32f4xx_tim.o(.text)
    TIM_SelectHallSensor                     0x0800b815   Thumb Code    24  stm32f4xx_tim.o(.text)
    TIM_RemapConfig                          0x0800b82d   Thumb Code     6  stm32f4xx_tim.o(.text)
    usmart_sys_cmd_exe                       0x0800b835   Thumb Code  1554  usmart.o(.text)
    usmart_reset_runtime                     0x0800be47   Thumb Code    38  usmart.o(.text)
    usmart_get_runtime                       0x0800be6d   Thumb Code    60  usmart.o(.text)
    TIM4_IRQHandler                          0x0800bea9   Thumb Code    46  usmart.o(.text)
    Timer4_Init                              0x0800bed7   Thumb Code    86  usmart.o(.text)
    usmart_init                              0x0800bf2d   Thumb Code    36  usmart.o(.text)
    usmart_cmd_rec                           0x0800bf51   Thumb Code   170  usmart.o(.text)
    usmart_exe                               0x0800bffb   Thumb Code   868  usmart.o(.text)
    usmart_scan                              0x0800c35f   Thumb Code   120  usmart.o(.text)
    read_addr                                0x0800c3d7   Thumb Code     6  usmart.o(.text)
    write_addr                               0x0800c3dd   Thumb Code     4  usmart.o(.text)
    usmart_strcmp                            0x0800c469   Thumb Code    34  usmart_str.o(.text)
    usmart_strcopy                           0x0800c48b   Thumb Code    22  usmart_str.o(.text)
    usmart_strlen                            0x0800c4a1   Thumb Code    24  usmart_str.o(.text)
    usmart_pow                               0x0800c4b9   Thumb Code    22  usmart_str.o(.text)
    usmart_str2num                           0x0800c4cf   Thumb Code   202  usmart_str.o(.text)
    usmart_get_cmdname                       0x0800c599   Thumb Code    54  usmart_str.o(.text)
    usmart_search_nextc                      0x0800c5cf   Thumb Code    22  usmart_str.o(.text)
    usmart_get_fname                         0x0800c5e5   Thumb Code   440  usmart_str.o(.text)
    usmart_get_aparm                         0x0800c79d   Thumb Code   200  usmart_str.o(.text)
    usmart_get_parmpos                       0x0800c865   Thumb Code    26  usmart_str.o(.text)
    usmart_get_fparam                        0x0800c87f   Thumb Code   262  usmart_str.o(.text)
    __use_no_semihosting                     0x0800c991   Thumb Code     2  use_no_semi_2.o(.text)
    __aeabi_ldivmod                          0x0800c993   Thumb Code     0  llsdiv.o(.text)
    _ll_sdiv                                 0x0800c993   Thumb Code    72  llsdiv.o(.text)
    __2printf                                0x0800c9dd   Thumb Code    20  noretval__2printf.o(.text)
    _printf_pre_padding                      0x0800c9f5   Thumb Code    44  _printf_pad.o(.text)
    _printf_post_padding                     0x0800ca21   Thumb Code    34  _printf_pad.o(.text)
    _printf_str                              0x0800ca43   Thumb Code    82  _printf_str.o(.text)
    _printf_int_dec                          0x0800ca95   Thumb Code   104  _printf_dec.o(.text)
    _printf_int_hex                          0x0800cb0d   Thumb Code    84  _printf_hex_int.o(.text)
    _printf_longlong_hex                     0x0800cb0d   Thumb Code     0  _printf_hex_int.o(.text)
    __printf                                 0x0800cb65   Thumb Code   388  __printf_flags_ss_wp.o(.text)
    memcmp                                   0x0800cced   Thumb Code    88  memcmp.o(.text)
    __aeabi_memset                           0x0800cd45   Thumb Code    16  aeabi_memset.o(.text)
    __use_two_region_memory                  0x0800cd55   Thumb Code     2  heapauxi.o(.text)
    __rt_heap_escrow$2region                 0x0800cd57   Thumb Code     2  heapauxi.o(.text)
    __rt_heap_expand$2region                 0x0800cd59   Thumb Code     2  heapauxi.o(.text)
    __I$use$semihosting                      0x0800cd5b   Thumb Code     0  use_no_semi.o(.text)
    __use_no_semihosting_swi                 0x0800cd5b   Thumb Code     2  use_no_semi.o(.text)
    __aeabi_uldivmod                         0x0800cd5d   Thumb Code     0  lludivv7m.o(.text)
    _ll_udiv                                 0x0800cd5d   Thumb Code   238  lludivv7m.o(.text)
    __read_errno                             0x0800ce4b   Thumb Code    10  _rserrno.o(.text)
    __set_errno                              0x0800ce55   Thumb Code    12  _rserrno.o(.text)
    _printf_int_common                       0x0800ce61   Thumb Code   178  _printf_intcommon.o(.text)
    __lib_sel_fp_printf                      0x0800cf13   Thumb Code     2  _printf_fp_dec.o(.text)
    _printf_fp_dec_real                      0x0800d0c1   Thumb Code   620  _printf_fp_dec.o(.text)
    _printf_cs_common                        0x0800d32d   Thumb Code    20  _printf_char.o(.text)
    _printf_char                             0x0800d341   Thumb Code    16  _printf_char.o(.text)
    _printf_string                           0x0800d351   Thumb Code     8  _printf_char.o(.text)
    _printf_char_file                        0x0800d359   Thumb Code    32  _printf_char_file.o(.text)
    __aeabi_memclr                           0x0800d37d   Thumb Code     0  rt_memclr.o(.text)
    __rt_memclr                              0x0800d37d   Thumb Code    68  rt_memclr.o(.text)
    _memset                                  0x0800d381   Thumb Code     0  rt_memclr.o(.text)
    __rt_locale                              0x0800d3c1   Thumb Code     8  rt_locale_intlibspace.o(.text)
    __aeabi_errno_addr                       0x0800d3c9   Thumb Code     8  rt_errno_addr_intlibspace.o(.text)
    __errno$intlibspace                      0x0800d3c9   Thumb Code     0  rt_errno_addr_intlibspace.o(.text)
    __rt_errno_addr$intlibspace              0x0800d3c9   Thumb Code     0  rt_errno_addr_intlibspace.o(.text)
    _ll_udiv10                               0x0800d3d1   Thumb Code   138  lludiv10.o(.text)
    _printf_char_common                      0x0800d467   Thumb Code    32  _printf_char_common.o(.text)
    _printf_fp_infnan                        0x0800d48d   Thumb Code   112  _printf_fp_infnan.o(.text)
    _btod_etento                             0x0800d50d   Thumb Code   216  bigflt0.o(.text)
    ferror                                   0x0800d5e9   Thumb Code     8  ferror.o(.text)
    __aeabi_memclr4                          0x0800d5f1   Thumb Code     0  rt_memclr_w.o(.text)
    __aeabi_memclr8                          0x0800d5f1   Thumb Code     0  rt_memclr_w.o(.text)
    __rt_memclr_w                            0x0800d5f1   Thumb Code    78  rt_memclr_w.o(.text)
    _memset_w                                0x0800d5f5   Thumb Code     0  rt_memclr_w.o(.text)
    __user_libspace                          0x0800d641   Thumb Code     8  libspace.o(.text)
    __user_perproc_libspace                  0x0800d641   Thumb Code     0  libspace.o(.text)
    __user_perthread_libspace                0x0800d641   Thumb Code     0  libspace.o(.text)
    __user_setup_stackheap                   0x0800d649   Thumb Code    74  sys_stackheap_outer.o(.text)
    exit                                     0x0800d693   Thumb Code    12  exit.o(.text)
    strcmp                                   0x0800d6a1   Thumb Code   128  strcmpv7m.o(.text)
    _btod_d2e                                0x0800d721   Thumb Code    62  btod.o(CL$$btod_d2e)
    _d2e_denorm_low                          0x0800d75f   Thumb Code    70  btod.o(CL$$btod_d2e_denorm_low)
    _d2e_norm_op1                            0x0800d7a5   Thumb Code    96  btod.o(CL$$btod_d2e_norm_op1)
    __btod_div_common                        0x0800d805   Thumb Code   696  btod.o(CL$$btod_div_common)
    _e2e                                     0x0800db3d   Thumb Code   198  btod.o(CL$$btod_e2e)
    _btod_ediv                               0x0800dc03   Thumb Code    40  btod.o(CL$$btod_ediv)
    _btod_emul                               0x0800dc2b   Thumb Code    40  btod.o(CL$$btod_emul)
    __btod_mult_common                       0x0800dc53   Thumb Code   580  btod.o(CL$$btod_mult_common)
    __ARM_fpclassify                         0x0800de97   Thumb Code    48  fpclassify.o(i.__ARM_fpclassify)
    __hardfp_asin                            0x0800dec9   Thumb Code   770  asin.o(i.__hardfp_asin)
    __hardfp_atan                            0x0800e229   Thumb Code   622  atan.o(i.__hardfp_atan)
    __hardfp_atan2                           0x0800e501   Thumb Code   432  atan2.o(i.__hardfp_atan2)
    __kernel_poly                            0x0800e6f1   Thumb Code   248  poly.o(i.__kernel_poly)
    __mathlib_dbl_infnan                     0x0800e7e9   Thumb Code    20  dunder.o(i.__mathlib_dbl_infnan)
    __mathlib_dbl_infnan2                    0x0800e7fd   Thumb Code    20  dunder.o(i.__mathlib_dbl_infnan2)
    __mathlib_dbl_invalid                    0x0800e811   Thumb Code    24  dunder.o(i.__mathlib_dbl_invalid)
    __mathlib_dbl_underflow                  0x0800e831   Thumb Code    24  dunder.o(i.__mathlib_dbl_underflow)
    _is_digit                                0x0800e851   Thumb Code    14  __printf_wp.o(i._is_digit)
    atan                                     0x0800e85f   Thumb Code    16  atan.o(i.atan)
    fabs                                     0x0800e86f   Thumb Code    24  fabs.o(i.fabs)
    sqrt                                     0x0800e887   Thumb Code   110  sqrt.o(i.sqrt)
    _get_lc_numeric                          0x0800e8f5   Thumb Code    44  lc_numeric_c.o(locale$$code)
    __aeabi_dneg                             0x0800e921   Thumb Code     0  basic.o(x$fpl$basic)
    _dneg                                    0x0800e921   Thumb Code     6  basic.o(x$fpl$basic)
    __aeabi_fneg                             0x0800e927   Thumb Code     0  basic.o(x$fpl$basic)
    _fneg                                    0x0800e927   Thumb Code     6  basic.o(x$fpl$basic)
    _dabs                                    0x0800e92d   Thumb Code     6  basic.o(x$fpl$basic)
    _fabs                                    0x0800e933   Thumb Code     6  basic.o(x$fpl$basic)
    __aeabi_d2f                              0x0800e939   Thumb Code     0  d2f.o(x$fpl$d2f)
    _d2f                                     0x0800e939   Thumb Code    98  d2f.o(x$fpl$d2f)
    __aeabi_dadd                             0x0800e99d   Thumb Code     0  daddsub_clz.o(x$fpl$dadd)
    _dadd                                    0x0800e99d   Thumb Code   332  daddsub_clz.o(x$fpl$dadd)
    __aeabi_ddiv                             0x0800eaed   Thumb Code     0  ddiv.o(x$fpl$ddiv)
    _ddiv                                    0x0800eaed   Thumb Code   552  ddiv.o(x$fpl$ddiv)
    __aeabi_d2uiz                            0x0800ed9d   Thumb Code     0  dfixu.o(x$fpl$dfixu)
    _dfixu                                   0x0800ed9d   Thumb Code    90  dfixu.o(x$fpl$dfixu)
    __aeabi_i2d                              0x0800edf7   Thumb Code     0  dflt_clz.o(x$fpl$dflt)
    _dflt                                    0x0800edf7   Thumb Code    46  dflt_clz.o(x$fpl$dflt)
    __aeabi_ui2d                             0x0800ee25   Thumb Code     0  dflt_clz.o(x$fpl$dfltu)
    _dfltu                                   0x0800ee25   Thumb Code    38  dflt_clz.o(x$fpl$dfltu)
    __aeabi_dmul                             0x0800ee4d   Thumb Code     0  dmul.o(x$fpl$dmul)
    _dmul                                    0x0800ee4d   Thumb Code   332  dmul.o(x$fpl$dmul)
    __fpl_dnaninf                            0x0800efa1   Thumb Code   156  dnaninf.o(x$fpl$dnaninf)
    __fpl_dretinf                            0x0800f03d   Thumb Code    12  dretinf.o(x$fpl$dretinf)
    __aeabi_drsub                            0x0800f049   Thumb Code     0  daddsub_clz.o(x$fpl$drsb)
    _drsb                                    0x0800f049   Thumb Code    22  daddsub_clz.o(x$fpl$drsb)
    _dsqrt                                   0x0800f061   Thumb Code   404  dsqrt_umaal.o(x$fpl$dsqrt)
    __aeabi_dsub                             0x0800f1f9   Thumb Code     0  daddsub_clz.o(x$fpl$dsub)
    _dsub                                    0x0800f1f9   Thumb Code   464  daddsub_clz.o(x$fpl$dsub)
    __aeabi_f2d                              0x0800f3cd   Thumb Code     0  f2d.o(x$fpl$f2d)
    _f2d                                     0x0800f3cd   Thumb Code    86  f2d.o(x$fpl$f2d)
    __fpl_fnaninf                            0x0800f423   Thumb Code   140  fnaninf.o(x$fpl$fnaninf)
    _fp_init                                 0x0800f4af   Thumb Code    10  fpinit.o(x$fpl$fpinit)
    __fplib_config_fpu_vfp                   0x0800f4b7   Thumb Code     0  fpinit.o(x$fpl$fpinit)
    __fplib_config_pureend_doubles           0x0800f4b7   Thumb Code     0  fpinit.o(x$fpl$fpinit)
    __fpl_fretinf                            0x0800f4b9   Thumb Code    10  fretinf.o(x$fpl$fretinf)
    _printf_fp_dec                           0x0800f4c3   Thumb Code     4  printf1.o(x$fpl$printf1)
    __I$use$fp                               0x0800f4c6   Number         0  usenofp.o(x$fpl$usenofp)
    asc2_1206                                0x0800f4c6   Data        1140  lcd.o(.constdata)
    asc2_1608                                0x0800f93a   Data        1520  lcd.o(.constdata)
    asc2_2412                                0x0800ff2a   Data        3420  lcd.o(.constdata)
    reg                                      0x08010c88   Data          27  inv_mpu.o(.constdata)
    hw                                       0x08010ca4   Data          12  inv_mpu.o(.constdata)
    test                                     0x08010cb0   Data          40  inv_mpu.o(.constdata)
    FSMC_DefaultTimingStruct                 0x080118d0   Data          28  stm32f4xx_fsmc.o(.constdata)
    __mathlib_zero                           0x08011a10   Data           8  qnan.o(.constdata)
    Region$$Table$$Base                      0x08011bf0   Number         0  anon$$obj.o(Region$$Table)
    Region$$Table$$Limit                     0x08011c10   Number         0  anon$$obj.o(Region$$Table)
    Q_angle_X                                0x20000000   Data           4  main.o(.data)
    Q_gyro_X                                 0x20000004   Data           4  main.o(.data)
    Q_bias_X                                 0x20000008   Data           4  main.o(.data)
    R_angle_X                                0x2000000c   Data           4  main.o(.data)
    dt                                       0x20000010   Data           4  main.o(.data)
    X_angle_0                                0x20000014   Data           4  main.o(.data)
    X_angle_10                               0x20000018   Data           4  main.o(.data)
    X_PAL_0                                  0x2000001c   Data           4  main.o(.data)
    X_PAL_10                                 0x20000020   Data           4  main.o(.data)
    err                                      0x20000024   Data           4  main.o(.data)
    X_K_0                                    0x20000028   Data           8  main.o(.data)
    A                                        0x20000030   Data          16  main.o(.data)
    P_0                                      0x20000040   Data          16  main.o(.data)
    SystemCoreClock                          0x20000050   Data           4  system_stm32f4xx.o(.data)
    AHBPrescTable                            0x20000054   Data          16  system_stm32f4xx.o(.data)
    POINT_COLOR                              0x20000066   Data           2  lcd.o(.data)
    BACK_COLOR                               0x20000068   Data           2  lcd.o(.data)
    __stdout                                 0x200000a8   Data           4  usart.o(.data)
    USART_RX_STA                             0x200000ac   Data           2  usart.o(.data)
    sys_cmd_tab                              0x200000c0   Data          28  usmart.o(.data)
    usmart_nametab                           0x200000dc   Data          56  usmart_config.o(.data)
    usmart_dev                               0x20000114   Data         244  usmart_config.o(.data)
    P_10                                     0x20000208   Data          16  main.o(.bss)
    P_mid                                    0x20000218   Data          16  main.o(.bss)
    lcddev                                   0x20000228   Data          14  lcd.o(.bss)
    USART_RX_BUF                             0x20000248   Data         200  usart.o(.bss)
    __libspace_start                         0x20000310   Data          96  libspace.o(.bss)
    __temporary_stack_top$libspace           0x20000370   Data           0  libspace.o(.bss)



==============================================================================

Memory Map of the image

  Image Entry point : 0x08000189

  Load Region LR_IROM1 (Base: 0x08000000, Size: 0x00011e34, Max: 0x00100000, ABSOLUTE, COMPRESSED[0x00011cc8])

    Execution Region ER_IROM1 (Base: 0x08000000, Size: 0x00011c2c, Max: 0x00100000, ABSOLUTE)

    Base Addr    Size         Type   Attr      Idx    E Section Name        Object

    0x08000000   0x00000188   Data   RO          506    RESET               startup_stm32f40_41xxx.o
    0x08000188   0x00000008   Code   RO          800  * !!!main             c_w.l(__main.o)
    0x08000190   0x00000034   Code   RO         1159    !!!scatter          c_w.l(__scatter.o)
    0x080001c4   0x0000005a   Code   RO         1157    !!dczerorl2         c_w.l(__dczerorl2.o)
    0x0800021e   0x00000002   PAD
    0x08000220   0x0000001c   Code   RO         1161    !!handler_zi        c_w.l(__scatter_zi.o)
    0x0800023c   0x00000000   Code   RO          793    .ARM.Collect$$_printf_percent$$00000000  c_w.l(_printf_percent.o)
    0x0800023c   0x00000006   Code   RO          792    .ARM.Collect$$_printf_percent$$00000003  c_w.l(_printf_f.o)
    0x08000242   0x00000006   Code   RO          790    .ARM.Collect$$_printf_percent$$00000009  c_w.l(_printf_d.o)
    0x08000248   0x00000006   Code   RO          791    .ARM.Collect$$_printf_percent$$0000000A  c_w.l(_printf_u.o)
    0x0800024e   0x00000006   Code   RO          789    .ARM.Collect$$_printf_percent$$0000000C  c_w.l(_printf_x.o)
    0x08000254   0x00000006   Code   RO          787    .ARM.Collect$$_printf_percent$$00000013  c_w.l(_printf_c.o)
    0x0800025a   0x00000006   Code   RO          788    .ARM.Collect$$_printf_percent$$00000014  c_w.l(_printf_s.o)
    0x08000260   0x00000004   Code   RO          871    .ARM.Collect$$_printf_percent$$00000017  c_w.l(_printf_percent_end.o)
    0x08000264   0x00000002   Code   RO         1029    .ARM.Collect$$libinit$$00000000  c_w.l(libinit.o)
    0x08000266   0x00000004   Code   RO         1030    .ARM.Collect$$libinit$$00000001  c_w.l(libinit2.o)
    0x0800026a   0x00000000   Code   RO         1033    .ARM.Collect$$libinit$$00000004  c_w.l(libinit2.o)
    0x0800026a   0x00000000   Code   RO         1036    .ARM.Collect$$libinit$$0000000A  c_w.l(libinit2.o)
    0x0800026a   0x00000000   Code   RO         1038    .ARM.Collect$$libinit$$0000000C  c_w.l(libinit2.o)
    0x0800026a   0x00000000   Code   RO         1040    .ARM.Collect$$libinit$$0000000E  c_w.l(libinit2.o)
    0x0800026a   0x00000006   Code   RO         1041    .ARM.Collect$$libinit$$0000000F  c_w.l(libinit2.o)
    0x08000270   0x00000000   Code   RO         1043    .ARM.Collect$$libinit$$00000011  c_w.l(libinit2.o)
    0x08000270   0x00000000   Code   RO         1045    .ARM.Collect$$libinit$$00000013  c_w.l(libinit2.o)
    0x08000270   0x00000000   Code   RO         1047    .ARM.Collect$$libinit$$00000015  c_w.l(libinit2.o)
    0x08000270   0x0000000a   Code   RO         1048    .ARM.Collect$$libinit$$00000016  c_w.l(libinit2.o)
    0x0800027a   0x00000000   Code   RO         1049    .ARM.Collect$$libinit$$00000017  c_w.l(libinit2.o)
    0x0800027a   0x00000000   Code   RO         1051    .ARM.Collect$$libinit$$00000019  c_w.l(libinit2.o)
    0x0800027a   0x00000000   Code   RO         1053    .ARM.Collect$$libinit$$0000001B  c_w.l(libinit2.o)
    0x0800027a   0x00000000   Code   RO         1055    .ARM.Collect$$libinit$$0000001D  c_w.l(libinit2.o)
    0x0800027a   0x00000000   Code   RO         1057    .ARM.Collect$$libinit$$0000001F  c_w.l(libinit2.o)
    0x0800027a   0x00000000   Code   RO         1059    .ARM.Collect$$libinit$$00000021  c_w.l(libinit2.o)
    0x0800027a   0x00000000   Code   RO         1061    .ARM.Collect$$libinit$$00000023  c_w.l(libinit2.o)
    0x0800027a   0x00000000   Code   RO         1063    .ARM.Collect$$libinit$$00000025  c_w.l(libinit2.o)
    0x0800027a   0x00000000   Code   RO         1067    .ARM.Collect$$libinit$$0000002C  c_w.l(libinit2.o)
    0x0800027a   0x00000000   Code   RO         1069    .ARM.Collect$$libinit$$0000002E  c_w.l(libinit2.o)
    0x0800027a   0x00000000   Code   RO         1071    .ARM.Collect$$libinit$$00000030  c_w.l(libinit2.o)
    0x0800027a   0x00000000   Code   RO         1073    .ARM.Collect$$libinit$$00000032  c_w.l(libinit2.o)
    0x0800027a   0x00000002   Code   RO         1074    .ARM.Collect$$libinit$$00000033  c_w.l(libinit2.o)
    0x0800027c   0x00000002   Code   RO         1118    .ARM.Collect$$libshutdown$$00000000  c_w.l(libshutdown.o)
    0x0800027e   0x00000000   Code   RO         1128    .ARM.Collect$$libshutdown$$00000003  c_w.l(libshutdown2.o)
    0x0800027e   0x00000000   Code   RO         1131    .ARM.Collect$$libshutdown$$00000006  c_w.l(libshutdown2.o)
    0x0800027e   0x00000000   Code   RO         1134    .ARM.Collect$$libshutdown$$00000009  c_w.l(libshutdown2.o)
    0x0800027e   0x00000000   Code   RO         1136    .ARM.Collect$$libshutdown$$0000000B  c_w.l(libshutdown2.o)
    0x0800027e   0x00000000   Code   RO         1139    .ARM.Collect$$libshutdown$$0000000E  c_w.l(libshutdown2.o)
    0x0800027e   0x00000002   Code   RO         1140    .ARM.Collect$$libshutdown$$0000000F  c_w.l(libshutdown2.o)
    0x08000280   0x00000000   Code   RO          858    .ARM.Collect$$rtentry$$00000000  c_w.l(__rtentry.o)
    0x08000280   0x00000000   Code   RO          937    .ARM.Collect$$rtentry$$00000002  c_w.l(__rtentry2.o)
    0x08000280   0x00000006   Code   RO          949    .ARM.Collect$$rtentry$$00000004  c_w.l(__rtentry4.o)
    0x08000286   0x00000000   Code   RO          939    .ARM.Collect$$rtentry$$00000009  c_w.l(__rtentry2.o)
    0x08000286   0x00000004   Code   RO          940    .ARM.Collect$$rtentry$$0000000A  c_w.l(__rtentry2.o)
    0x0800028a   0x00000000   Code   RO          942    .ARM.Collect$$rtentry$$0000000C  c_w.l(__rtentry2.o)
    0x0800028a   0x00000008   Code   RO          943    .ARM.Collect$$rtentry$$0000000D  c_w.l(__rtentry2.o)
    0x08000292   0x00000002   Code   RO         1077    .ARM.Collect$$rtexit$$00000000  c_w.l(rtexit.o)
    0x08000294   0x00000000   Code   RO         1088    .ARM.Collect$$rtexit$$00000002  c_w.l(rtexit2.o)
    0x08000294   0x00000004   Code   RO         1089    .ARM.Collect$$rtexit$$00000003  c_w.l(rtexit2.o)
    0x08000298   0x00000006   Code   RO         1090    .ARM.Collect$$rtexit$$00000004  c_w.l(rtexit2.o)
    0x0800029e   0x00000002   PAD
    0x080002a0   0x00000c58   Code   RO            3    .text               main.o
    0x08000ef8   0x0000001a   Code   RO          173    .text               stm32f4xx_it.o
    0x08000f12   0x00000002   PAD
    0x08000f14   0x00000210   Code   RO          222    .text               system_stm32f4xx.o
    0x08001124   0x00000040   Code   RO          248    .text               led.o
    0x08001164   0x00000104   Code   RO          268    .text               key.o
    0x08001268   0x00004c80   Code   RO          289    .text               lcd.o
    0x08005ee8   0x0000025c   Code   RO          327    .text               myiic.o
    0x08006144   0x00000384   Code   RO          347    .text               mpu6050.o
    0x080064c8   0x000022c0   Code   RO          367    .text               inv_mpu.o
    0x08008788   0x00000d90   Code   RO          402    .text               inv_mpu_dmp_motion_driver.o
    0x08009518   0x00000104   Code   RO          435    .text               delay.o
    0x0800961c   0x00000148   Code   RO          475    .text               usart.o
    0x08009764   0x00000040   Code   RO          507    .text               startup_stm32f40_41xxx.o
    0x080097a4   0x000000e0   Code   RO          513    .text               misc.o
    0x08009884   0x000005c8   Code   RO          533    .text               stm32f4xx_fsmc.o
    0x08009e4c   0x00000294   Code   RO          556    .text               stm32f4xx_gpio.o
    0x0800a0e0   0x0000065c   Code   RO          576    .text               stm32f4xx_rcc.o
    0x0800a73c   0x00000454   Code   RO          618    .text               stm32f4xx_usart.o
    0x0800ab90   0x00000ca2   Code   RO          638    .text               stm32f4xx_tim.o
    0x0800b832   0x00000002   PAD
    0x0800b834   0x00000c34   Code   RO          658    .text               usmart.o
    0x0800c468   0x00000528   Code   RO          710    .text               usmart_str.o
    0x0800c990   0x00000002   Code   RO          730    .text               c_w.l(use_no_semi_2.o)
    0x0800c992   0x00000048   Code   RO          732    .text               c_w.l(llsdiv.o)
    0x0800c9da   0x00000002   PAD
    0x0800c9dc   0x00000018   Code   RO          736    .text               c_w.l(noretval__2printf.o)
    0x0800c9f4   0x0000004e   Code   RO          740    .text               c_w.l(_printf_pad.o)
    0x0800ca42   0x00000052   Code   RO          742    .text               c_w.l(_printf_str.o)
    0x0800ca94   0x00000078   Code   RO          744    .text               c_w.l(_printf_dec.o)
    0x0800cb0c   0x00000058   Code   RO          749    .text               c_w.l(_printf_hex_int.o)
    0x0800cb64   0x00000188   Code   RO          784    .text               c_w.l(__printf_flags_ss_wp.o)
    0x0800ccec   0x00000058   Code   RO          794    .text               c_w.l(memcmp.o)
    0x0800cd44   0x00000010   Code   RO          796    .text               c_w.l(aeabi_memset.o)
    0x0800cd54   0x00000006   Code   RO          798    .text               c_w.l(heapauxi.o)
    0x0800cd5a   0x00000002   Code   RO          856    .text               c_w.l(use_no_semi.o)
    0x0800cd5c   0x000000ee   Code   RO          859    .text               c_w.l(lludivv7m.o)
    0x0800ce4a   0x00000016   Code   RO          861    .text               c_w.l(_rserrno.o)
    0x0800ce60   0x000000b2   Code   RO          863    .text               c_w.l(_printf_intcommon.o)
    0x0800cf12   0x0000041a   Code   RO          865    .text               c_w.l(_printf_fp_dec.o)
    0x0800d32c   0x0000002c   Code   RO          867    .text               c_w.l(_printf_char.o)
    0x0800d358   0x00000024   Code   RO          869    .text               c_w.l(_printf_char_file.o)
    0x0800d37c   0x00000044   Code   RO          872    .text               c_w.l(rt_memclr.o)
    0x0800d3c0   0x00000008   Code   RO          958    .text               c_w.l(rt_locale_intlibspace.o)
    0x0800d3c8   0x00000008   Code   RO          963    .text               c_w.l(rt_errno_addr_intlibspace.o)
    0x0800d3d0   0x0000008a   Code   RO          965    .text               c_w.l(lludiv10.o)
    0x0800d45a   0x00000002   PAD
    0x0800d45c   0x00000030   Code   RO          967    .text               c_w.l(_printf_char_common.o)
    0x0800d48c   0x00000080   Code   RO          969    .text               c_w.l(_printf_fp_infnan.o)
    0x0800d50c   0x000000dc   Code   RO          971    .text               c_w.l(bigflt0.o)
    0x0800d5e8   0x00000008   Code   RO          996    .text               c_w.l(ferror.o)
    0x0800d5f0   0x0000004e   Code   RO         1003    .text               c_w.l(rt_memclr_w.o)
    0x0800d63e   0x00000002   PAD
    0x0800d640   0x00000008   Code   RO         1011    .text               c_w.l(libspace.o)
    0x0800d648   0x0000004a   Code   RO         1014    .text               c_w.l(sys_stackheap_outer.o)
    0x0800d692   0x0000000c   Code   RO         1020    .text               c_w.l(exit.o)
    0x0800d69e   0x00000002   PAD
    0x0800d6a0   0x00000080   Code   RO         1022    .text               c_w.l(strcmpv7m.o)
    0x0800d720   0x0000003e   Code   RO          974    CL$$btod_d2e        c_w.l(btod.o)
    0x0800d75e   0x00000046   Code   RO          976    CL$$btod_d2e_denorm_low  c_w.l(btod.o)
    0x0800d7a4   0x00000060   Code   RO          975    CL$$btod_d2e_norm_op1  c_w.l(btod.o)
    0x0800d804   0x00000338   Code   RO          984    CL$$btod_div_common  c_w.l(btod.o)
    0x0800db3c   0x000000c6   Code   RO          981    CL$$btod_e2e        c_w.l(btod.o)
    0x0800dc02   0x00000028   Code   RO          978    CL$$btod_ediv       c_w.l(btod.o)
    0x0800dc2a   0x00000028   Code   RO          977    CL$$btod_emul       c_w.l(btod.o)
    0x0800dc52   0x00000244   Code   RO          983    CL$$btod_mult_common  c_w.l(btod.o)
    0x0800de96   0x00000030   Code   RO          919    i.__ARM_fpclassify  m_wm.l(fpclassify.o)
    0x0800dec6   0x00000002   PAD
    0x0800dec8   0x00000360   Code   RO          830    i.__hardfp_asin     m_wm.l(asin.o)
    0x0800e228   0x000002d8   Code   RO          885    i.__hardfp_atan     m_wm.l(atan.o)
    0x0800e500   0x000001f0   Code   RO          844    i.__hardfp_atan2    m_wm.l(atan2.o)
    0x0800e6f0   0x000000f8   Code   RO          921    i.__kernel_poly     m_wm.l(poly.o)
    0x0800e7e8   0x00000014   Code   RO          900    i.__mathlib_dbl_infnan  m_wm.l(dunder.o)
    0x0800e7fc   0x00000014   Code   RO          901    i.__mathlib_dbl_infnan2  m_wm.l(dunder.o)
    0x0800e810   0x00000020   Code   RO          902    i.__mathlib_dbl_invalid  m_wm.l(dunder.o)
    0x0800e830   0x00000020   Code   RO          905    i.__mathlib_dbl_underflow  m_wm.l(dunder.o)
    0x0800e850   0x0000000e   Code   RO          777    i._is_digit         c_w.l(__printf_wp.o)
    0x0800e85e   0x00000010   Code   RO          887    i.atan              m_wm.l(atan.o)
    0x0800e86e   0x00000018   Code   RO          915    i.fabs              m_wm.l(fabs.o)
    0x0800e886   0x0000006e   Code   RO          926    i.sqrt              m_wm.l(sqrt.o)
    0x0800e8f4   0x0000002c   Code   RO         1001    locale$$code        c_w.l(lc_numeric_c.o)
    0x0800e920   0x00000018   Code   RO          874    x$fpl$basic         fz_wm.l(basic.o)
    0x0800e938   0x00000062   Code   RO          802    x$fpl$d2f           fz_wm.l(d2f.o)
    0x0800e99a   0x00000002   PAD
    0x0800e99c   0x00000150   Code   RO          804    x$fpl$dadd          fz_wm.l(daddsub_clz.o)
    0x0800eaec   0x000002b0   Code   RO          811    x$fpl$ddiv          fz_wm.l(ddiv.o)
    0x0800ed9c   0x0000005a   Code   RO          814    x$fpl$dfixu         fz_wm.l(dfixu.o)
    0x0800edf6   0x0000002e   Code   RO          819    x$fpl$dflt          fz_wm.l(dflt_clz.o)
    0x0800ee24   0x00000026   Code   RO          818    x$fpl$dfltu         fz_wm.l(dflt_clz.o)
    0x0800ee4a   0x00000002   PAD
    0x0800ee4c   0x00000154   Code   RO          824    x$fpl$dmul          fz_wm.l(dmul.o)
    0x0800efa0   0x0000009c   Code   RO          876    x$fpl$dnaninf       fz_wm.l(dnaninf.o)
    0x0800f03c   0x0000000c   Code   RO          878    x$fpl$dretinf       fz_wm.l(dretinf.o)
    0x0800f048   0x00000016   Code   RO          805    x$fpl$drsb          fz_wm.l(daddsub_clz.o)
    0x0800f05e   0x00000002   PAD
    0x0800f060   0x00000198   Code   RO         1007    x$fpl$dsqrt         fz_wm.l(dsqrt_umaal.o)
    0x0800f1f8   0x000001d4   Code   RO          806    x$fpl$dsub          fz_wm.l(daddsub_clz.o)
    0x0800f3cc   0x00000056   Code   RO          826    x$fpl$f2d           fz_wm.l(f2d.o)
    0x0800f422   0x0000008c   Code   RO          880    x$fpl$fnaninf       fz_wm.l(fnaninf.o)
    0x0800f4ae   0x0000000a   Code   RO         1085    x$fpl$fpinit        fz_wm.l(fpinit.o)
    0x0800f4b8   0x0000000a   Code   RO          882    x$fpl$fretinf       fz_wm.l(fretinf.o)
    0x0800f4c2   0x00000004   Code   RO          828    x$fpl$printf1       fz_wm.l(printf1.o)
    0x0800f4c6   0x00000000   Code   RO          884    x$fpl$usenofp       fz_wm.l(usenofp.o)
    0x0800f4c6   0x000017c0   Data   RO          291    .constdata          lcd.o
    0x08010c86   0x00000002   PAD
    0x08010c88   0x00000050   Data   RO          368    .constdata          inv_mpu.o
    0x08010cd8   0x00000bf6   Data   RO          404    .constdata          inv_mpu_dmp_motion_driver.o
    0x080118ce   0x00000002   PAD
    0x080118d0   0x0000001c   Data   RO          534    .constdata          stm32f4xx_fsmc.o
    0x080118ec   0x00000028   Data   RO          750    .constdata          c_w.l(_printf_hex_int.o)
    0x08011914   0x00000011   Data   RO          785    .constdata          c_w.l(__printf_flags_ss_wp.o)
    0x08011925   0x00000003   PAD
    0x08011928   0x00000050   Data   RO          833    .constdata          m_wm.l(asin.o)
    0x08011978   0x00000098   Data   RO          888    .constdata          m_wm.l(atan.o)
    0x08011a10   0x00000008   Data   RO          923    .constdata          m_wm.l(qnan.o)
    0x08011a18   0x00000094   Data   RO          972    .constdata          c_w.l(bigflt0.o)
    0x08011aac   0x0000004d   Data   RO          369    .conststring        inv_mpu.o
    0x08011af9   0x00000003   PAD
    0x08011afc   0x00000028   Data   RO          659    .conststring        usmart.o
    0x08011b24   0x000000cb   Data   RO          689    .conststring        usmart_config.o
    0x08011bef   0x00000001   PAD
    0x08011bf0   0x00000020   Data   RO         1155    Region$$Table       anon$$obj.o
    0x08011c10   0x0000001c   Data   RO         1000    locale$$data        c_w.l(lc_numeric_c.o)


    Execution Region RW_IRAM1 (Base: 0x20000000, Size: 0x00000970, Max: 0x00020000, ABSOLUTE, COMPRESSED[0x0000009c])

    Base Addr    Size         Type   Attr      Idx    E Section Name        Object

    0x20000000   0x00000050   Data   RW            5    .data               main.o
    0x20000050   0x00000014   Data   RW          223    .data               system_stm32f4xx.o
    0x20000064   0x00000001   Data   RW          269    .data               key.o
    0x20000065   0x00000001   PAD
    0x20000066   0x00000004   Data   RW          292    .data               lcd.o
    0x2000006a   0x00000002   PAD
    0x2000006c   0x00000035   Data   RW          370    .data               inv_mpu.o
    0x200000a1   0x00000001   PAD
    0x200000a2   0x00000004   Data   RW          436    .data               delay.o
    0x200000a6   0x00000002   PAD
    0x200000a8   0x00000006   Data   RW          477    .data               usart.o
    0x200000ae   0x00000010   Data   RW          577    .data               stm32f4xx_rcc.o
    0x200000be   0x00000002   PAD
    0x200000c0   0x0000001c   Data   RW          660    .data               usmart.o
    0x200000dc   0x0000012c   Data   RW          690    .data               usmart_config.o
    0x20000208   0x00000020   Zero   RW            4    .bss                main.o
    0x20000228   0x0000000e   Zero   RW          290    .bss                lcd.o
    0x20000236   0x00000002   PAD
    0x20000238   0x00000010   Zero   RW          403    .bss                inv_mpu_dmp_motion_driver.o
    0x20000248   0x000000c8   Zero   RW          476    .bss                usart.o
    0x20000310   0x00000060   Zero   RW         1012    .bss                c_w.l(libspace.o)
    0x20000370   0x00000200   Zero   RW          505    HEAP                startup_stm32f40_41xxx.o
    0x20000570   0x00000400   Zero   RW          504    STACK               startup_stm32f40_41xxx.o


==============================================================================

Image component sizes


      Code (inc. data)   RO Data    RW Data    ZI Data      Debug   Object Name

       260          8          0          4          0       1433   delay.o
      8896        222        157         53          0      23829   inv_mpu.o
      3472        142       3062          0         16      15199   inv_mpu_dmp_motion_driver.o
       260         12          0          1          0        864   key.o
     19584        174       6080          4         14      22262   lcd.o
        64          4          0          0          0        523   led.o
      3160        384          0         80         32     293815   main.o
       224         20          0          0          0       1813   misc.o
       900         22          0          0          0       4251   mpu6050.o
       604         14          0          0          0       1900   myiic.o
        64         26        392          0       1536        836   startup_stm32f40_41xxx.o
      1480         18         28          0          0       5610   stm32f4xx_fsmc.o
       660         44          0          0          0       4089   stm32f4xx_gpio.o
        26          0          0          0          0       1222   stm32f4xx_it.o
      1628         52          0         16          0      12876   stm32f4xx_rcc.o
      3234         60          0          0          0      22296   stm32f4xx_tim.o
      1108         34          0          0          0       7792   stm32f4xx_usart.o
       528         46          0         20          0       1771   system_stm32f4xx.o
       328         16          0          6        200       3274   usart.o
      3124       1286         40         28          0       4358   usmart.o
         0          0        203        300          0       1500   usmart_config.o
      1320         12          0          0          0       5161   usmart_str.o

    ----------------------------------------------------------------------
     50928       2596      10002        520       1800     436674   Object Totals
         0          0         32          0          0          0   (incl. Generated)
         4          0          8          8          2          0   (incl. Padding)

    ----------------------------------------------------------------------

      Code (inc. data)   RO Data    RW Data    ZI Data      Debug   Library Member Name

        90          0          0          0          0          0   __dczerorl2.o
         8          0          0          0          0         68   __main.o
       392          4         17          0          0         92   __printf_flags_ss_wp.o
        14          0          0          0          0         68   __printf_wp.o
         0          0          0          0          0          0   __rtentry.o
        12          0          0          0          0          0   __rtentry2.o
         6          0          0          0          0          0   __rtentry4.o
        52          8          0          0          0          0   __scatter.o
        28          0          0          0          0          0   __scatter_zi.o
         6          0          0          0          0          0   _printf_c.o
        44          0          0          0          0        108   _printf_char.o
        48          6          0          0          0         96   _printf_char_common.o
        36          4          0          0          0         80   _printf_char_file.o
         6          0          0          0          0          0   _printf_d.o
       120         16          0          0          0         92   _printf_dec.o
         6          0          0          0          0          0   _printf_f.o
      1050          0          0          0          0        216   _printf_fp_dec.o
       128         16          0          0          0         84   _printf_fp_infnan.o
        88          4         40          0          0         88   _printf_hex_int.o
       178          0          0          0          0         88   _printf_intcommon.o
        78          0          0          0          0        108   _printf_pad.o
         0          0          0          0          0          0   _printf_percent.o
         4          0          0          0          0          0   _printf_percent_end.o
         6          0          0          0          0          0   _printf_s.o
        82          0          0          0          0         80   _printf_str.o
         6          0          0          0          0          0   _printf_u.o
         6          0          0          0          0          0   _printf_x.o
        22          0          0          0          0        100   _rserrno.o
        16          0          0          0          0         68   aeabi_memset.o
       220          4        148          0          0         96   bigflt0.o
      1910        128          0          0          0        672   btod.o
        12          0          0          0          0         72   exit.o
         8          0          0          0          0         68   ferror.o
         6          0          0          0          0        152   heapauxi.o
        44         10         28          0          0         76   lc_numeric_c.o
         2          0          0          0          0          0   libinit.o
        22          0          0          0          0          0   libinit2.o
         2          0          0          0          0          0   libshutdown.o
         2          0          0          0          0          0   libshutdown2.o
         8          4          0          0         96         68   libspace.o
        72          0          0          0          0         76   llsdiv.o
       138          0          0          0          0         80   lludiv10.o
       238          0          0          0          0        100   lludivv7m.o
        88          0          0          0          0         76   memcmp.o
        24          4          0          0          0         84   noretval__2printf.o
         8          4          0          0          0         68   rt_errno_addr_intlibspace.o
         8          4          0          0          0         68   rt_locale_intlibspace.o
        68          0          0          0          0         68   rt_memclr.o
        78          0          0          0          0         80   rt_memclr_w.o
         2          0          0          0          0          0   rtexit.o
        10          0          0          0          0          0   rtexit2.o
       128          0          0          0          0         68   strcmpv7m.o
        74          0          0          0          0         80   sys_stackheap_outer.o
         2          0          0          0          0         68   use_no_semi.o
         2          0          0          0          0         68   use_no_semi_2.o
        24          0          0          0          0        164   basic.o
        98          4          0          0          0        140   d2f.o
       826         16          0          0          0        492   daddsub_clz.o
       688        140          0          0          0        256   ddiv.o
        90          4          0          0          0        140   dfixu.o
        84          0          0          0          0        232   dflt_clz.o
       340         12          0          0          0        152   dmul.o
       156          4          0          0          0        140   dnaninf.o
        12          0          0          0          0        116   dretinf.o
       408         56          0          0          0        168   dsqrt_umaal.o
        86          4          0          0          0        132   f2d.o
       140          4          0          0          0        132   fnaninf.o
        10          0          0          0          0        116   fpinit.o
        10          0          0          0          0        116   fretinf.o
         4          0          0          0          0        116   printf1.o
         0          0          0          0          0          0   usenofp.o
       864         94         80          0          0        280   asin.o
       744        106        152          0          0        352   atan.o
       496         64          0          0          0        192   atan2.o
       104         16          0          0          0        496   dunder.o
        24          0          0          0          0        124   fabs.o
        48          0          0          0          0        124   fpclassify.o
       248          0          0          0          0        152   poly.o
         0          0          8          0          0          0   qnan.o
       110          0          0          0          0        148   sqrt.o

    ----------------------------------------------------------------------
     11342        740        476          0         96       8104   Library Totals
        20          0          3          0          0          0   (incl. Padding)

    ----------------------------------------------------------------------

      Code (inc. data)   RO Data    RW Data    ZI Data      Debug   Library Name

      5708        216        233          0         96       3624   c_w.l
      2976        244          0          0          0       2612   fz_wm.l
      2638        280        240          0          0       1868   m_wm.l

    ----------------------------------------------------------------------
     11342        740        476          0         96       8104   Library Totals

    ----------------------------------------------------------------------

==============================================================================


      Code (inc. data)   RO Data    RW Data    ZI Data      Debug   

     62270       3336      10478        520       1896     435450   Grand Totals
     62270       3336      10478        156       1896     435450   ELF Image Totals (compressed)
     62270       3336      10478        156          0          0   ROM Totals

==============================================================================

    Total RO  Size (Code + RO Data)                72748 (  71.04kB)
    Total RW  Size (RW Data + ZI Data)              2416 (   2.36kB)
    Total ROM Size (Code + RO Data + RW Data)      72904 (  71.20kB)

==============================================================================

